flow_info {
  key {
    src_address: "\004\005\006\007\010\000"
    dst_address: "\n\013\014\r\026\271"
    tenant_id: 10
    flow_start_time: 1388563200000000
    key_type: MAC
    ether_type: 34827
  }
  start_time: 1388563200000000
  ip_info {
    qos: 0
  }
  flow_features {
    packet_count: 9
  }
  end_time: 1388563200050070
}
flow_info {
  key {
    src_address: "\001\002\003\000\000\000\000\000\000\000\000\000\000\000\000\000"
    dst_address: "\003\\\000\000\000\000\000\000\000\000\000\000\000\000\000\000"
    src_port: 3657
    dst_port: 222
    proto: 6
    tenant_id: 10
    flow_start_time: 1388563200000010
    key_type: IPV6
  }
  start_time: 1388563200000010
  ip_info {
    last_cached_ttl: 8
    qos: 0
  }
  tcp_info {
    sequence_num: 80
    null_flags: 1
    syn_fin_rst_ack_all_zero: 1
    option_len_bins {
    }
  }
  flow_features {
    packet_count: 3
  }
  end_time: 1388563200050080
}
flow_info {
  key {
    src_address: "\001\002\003\001\000\000\000\000\000\000\000\000\000\000\000\000"
    dst_address: "\t@\000\000\000\000\000\000\000\000\000\000\000\000\000\000"
    src_port: 3657
    dst_port: 222
    proto: 6
    tenant_id: 10
    flow_start_time: 1388563200000030
    key_type: IPV6
  }
  start_time: 1388563200000030
  ip_info {
    last_cached_ttl: 8
    qos: 0
  }
  tcp_info {
    sequence_num: 50
    null_flags: 1
    syn_fin_rst_ack_all_zero: 1
    option_len_bins {
    }
  }
  flow_features {
    packet_count: 2
  }
  end_time: 1388563200050020
}
flow_info {
  key {
    src_address: "\001\002\003\000\000\000\000\000\000\000\000\000\000\000\000\000"
    dst_address: "\025\337\000\000\000\000\000\000\000\000\000\000\000\000\000\000"
    src_port: 3657
    dst_port: 222
    proto: 6
    tenant_id: 10
    flow_start_time: 1388563200000050
    key_type: IPV6
  }
  start_time: 1388563200000050
  ip_info {
    last_cached_ttl: 8
    qos: 0
  }
  tcp_info {
    sequence_num: 60
    null_flags: 1
    syn_fin_rst_ack_all_zero: 1
    option_len_bins {
    }
  }
  flow_features {
    packet_count: 2
  }
  end_time: 1388563200050040
}
flow_info {
  key {
    src_address: "\001\002\003\001\000\000\000\000\000\000\000\000\000\000\000\000"
    dst_address: "\037\303\000\000\000\000\000\000\000\000\000\000\000\000\000\000"
    src_port: 3657
    dst_port: 222
    proto: 6
    tenant_id: 10
    flow_start_time: 1388563200000070
    key_type: IPV6
  }
  start_time: 1388563200000070
  ip_info {
    last_cached_ttl: 8
    qos: 0
  }
  tcp_info {
    sequence_num: 70
    null_flags: 1
    syn_fin_rst_ack_all_zero: 1
    option_len_bins {
    }
  }
  flow_features {
    packet_count: 2
  }
  end_time: 1388563200050060
}
flow_info {
  key {
    src_address: "\004\005\006\007\010\000"
    dst_address: "\n\013\014\r\026\271"
    tenant_id: 10
    flow_start_time: 1388563200000000
    key_type: MAC
    ether_type: 34827
  }
  start_time: 1388563200100000
  ip_info {
    qos: 0
  }
  flow_features {
    packet_count: 9
  }
  end_time: 1388563200150070
}
flow_info {
  key {
    src_address: "\001\002\003\001\000\000\000\000\000\000\000\000\000\000\000\000"
    dst_address: "\t@\000\000\000\000\000\000\000\000\000\000\000\000\000\000"
    src_port: 3657
    dst_port: 222
    proto: 6
    tenant_id: 10
    flow_start_time: 1388563200000030
    key_type: IPV6
  }
  start_time: 1388563200100010
  ip_info {
    last_cached_ttl: 8
    qos: 0
  }
  tcp_info {
    sequence_num: 170
    null_flags: 1
    syn_fin_rst_ack_all_zero: 1
    option_len_bins {
    }
  }
  flow_features {
    packet_count: 3
  }
  end_time: 1388563200150080
}
flow_info {
  key {
    src_address: "\001\002\003\000\000\000\000\000\000\000\000\000\000\000\000\000"
    dst_address: "\025\337\000\000\000\000\000\000\000\000\000\000\000\000\000\000"
    src_port: 3657
    dst_port: 222
    proto: 6
    tenant_id: 10
    flow_start_time: 1388563200000050
    key_type: IPV6
  }
  start_time: 1388563200100030
  ip_info {
    last_cached_ttl: 8
    qos: 0
  }
  tcp_info {
    sequence_num: 140
    null_flags: 1
    syn_fin_rst_ack_all_zero: 1
    option_len_bins {
    }
  }
  flow_features {
    packet_count: 2
  }
  end_time: 1388563200150020
}
flow_info {
  key {
    src_address: "\001\002\003\001\000\000\000\000\000\000\000\000\000\000\000\000"
    dst_address: "\037\303\000\000\000\000\000\000\000\000\000\000\000\000\000\000"
    src_port: 3657
    dst_port: 222
    proto: 6
    tenant_id: 10
    flow_start_time: 1388563200000070
    key_type: IPV6
  }
  start_time: 1388563200100050
  ip_info {
    last_cached_ttl: 8
    qos: 0
  }
  tcp_info {
    sequence_num: 150
    null_flags: 1
    syn_fin_rst_ack_all_zero: 1
    option_len_bins {
    }
  }
  flow_features {
    packet_count: 2
  }
  end_time: 1388563200150040
}
flow_info {
  key {
    src_address: "\001\002\003\000\000\000\000\000\000\000\000\000\000\000\000\000"
    dst_address: "\003\\\000\000\000\000\000\000\000\000\000\000\000\000\000\000"
    src_port: 3657
    dst_port: 222
    proto: 6
    tenant_id: 10
    flow_start_time: 1388563200000010
    key_type: IPV6
  }
  start_time: 1388563200100070
  ip_info {
    last_cached_ttl: 8
    qos: 0
  }
  tcp_info {
    sequence_num: 160
    null_flags: 1
    syn_fin_rst_ack_all_zero: 1
    option_len_bins {
    }
  }
  flow_features {
    packet_count: 2
  }
  end_time: 1388563200150060
}
