flow_info {
  key {
    src_address: "\001\002\003\000"
    dst_address: "\001\002\003d"
    src_port: 12345
    dst_port: 12345
    proto: 6
    tenant_id: 10
    flow_start_time: 1388563200000000
    key_type: IPV4
  }
  start_time: 1388563200000000
  ip_info {
    last_cached_ttl: 8
    qos: 0
  }
  tcp_info {
    sequence_num: 100
    null_flags: 1
    syn_fin_rst_ack_all_zero: 1
    option_len_bins {
    }
  }
  flow_features {
    packet_count: 2
  }
  end_time: 1388563200000100
}
flow_info {
  key {
    src_address: "\001\002\003\001"
    dst_address: "\001\002\003d"
    src_port: 12346
    dst_port: 12345
    proto: 6
    tenant_id: 20
    flow_start_time: 1388563200000010
    key_type: IPV4
  }
  start_time: 1388563200000010
  ip_info {
    qos: 0
  }
  flow_features {
    packet_count: 2
  }
  end_time: 1388563200000110
}
flow_info {
  key {
    src_address: "\001\002\003\002"
    dst_address: "\001\002\003d"
    src_port: 12347
    dst_port: 12345
    proto: 6
    tenant_id: 10
    flow_start_time: 1388563200000020
    key_type: IPV4
  }
  start_time: 1388563200000020
  ip_info {
    last_cached_ttl: 8
    qos: 0
  }
  tcp_info {
    sequence_num: 120
    null_flags: 1
    syn_fin_rst_ack_all_zero: 1
    option_len_bins {
    }
  }
  flow_features {
    packet_count: 2
  }
  end_time: 1388563200000120
}
flow_info {
  key {
    src_address: "\001\002\003\003"
    dst_address: "\001\002\003d"
    src_port: 12348
    dst_port: 12345
    proto: 6
    tenant_id: 20
    flow_start_time: 1388563200000030
    key_type: IPV4
  }
  start_time: 1388563200000030
  ip_info {
    qos: 0
  }
  flow_features {
    packet_count: 2
  }
  end_time: 1388563200000130
}
flow_info {
  key {
    src_address: "\001\002\003\004"
    dst_address: "\001\002\003d"
    src_port: 12349
    dst_port: 12345
    proto: 6
    tenant_id: 10
    flow_start_time: 1388563200000040
    key_type: IPV4
  }
  start_time: 1388563200000040
  ip_info {
    last_cached_ttl: 8
    qos: 0
  }
  tcp_info {
    sequence_num: 140
    null_flags: 1
    syn_fin_rst_ack_all_zero: 1
    option_len_bins {
    }
  }
  flow_features {
    packet_count: 2
  }
  end_time: 1388563200000140
}
flow_info {
  key {
    src_address: "\001\002\003\005"
    dst_address: "\001\002\003d"
    src_port: 12350
    dst_port: 12345
    proto: 6
    tenant_id: 20
    flow_start_time: 1388563200000050
    key_type: IPV4
  }
  start_time: 1388563200000050
  ip_info {
    qos: 0
  }
  flow_features {
    packet_count: 2
  }
  end_time: 1388563200000150
}
flow_info {
  key {
    src_address: "\001\002\003\006"
    dst_address: "\001\002\003d"
    src_port: 12351
    dst_port: 12345
    proto: 6
    tenant_id: 10
    flow_start_time: 1388563200000060
    key_type: IPV4
  }
  start_time: 1388563200000060
  ip_info {
    last_cached_ttl: 8
    qos: 0
  }
  tcp_info {
    sequence_num: 160
    null_flags: 1
    syn_fin_rst_ack_all_zero: 1
    option_len_bins {
    }
  }
  flow_features {
    packet_count: 2
  }
  end_time: 1388563200000160
}
flow_info {
  key {
    src_address: "\001\002\003\007"
    dst_address: "\001\002\003d"
    src_port: 12352
    dst_port: 12345
    proto: 6
    tenant_id: 20
    flow_start_time: 1388563200000070
    key_type: IPV4
  }
  start_time: 1388563200000070
  ip_info {
    qos: 0
  }
  flow_features {
    packet_count: 2
  }
  end_time: 1388563200000170
}
flow_info {
  key {
    src_address: "\001\002\003\010"
    dst_address: "\001\002\003d"
    src_port: 12353
    dst_port: 12345
    proto: 6
    tenant_id: 10
    flow_start_time: 1388563200000080
    key_type: IPV4
  }
  start_time: 1388563200000080
  ip_info {
    last_cached_ttl: 8
    qos: 0
  }
  tcp_info {
    sequence_num: 180
    null_flags: 1
    syn_fin_rst_ack_all_zero: 1
    option_len_bins {
    }
  }
  flow_features {
    packet_count: 2
  }
  end_time: 1388563200000180
}
flow_info {
  key {
    src_address: "\001\002\003\t"
    dst_address: "\001\002\003d"
    src_port: 12354
    dst_port: 12345
    proto: 6
    tenant_id: 20
    flow_start_time: 1388563200000090
    key_type: IPV4
  }
  start_time: 1388563200000090
  ip_info {
    qos: 0
  }
  flow_features {
    packet_count: 2
  }
  end_time: 1388563200000190
}
flow_info {
  key {
    src_address: "\001\002\003\000"
    dst_address: "\001\002\003d"
    src_port: 12345
    dst_port: 12345
    proto: 6
    tenant_id: 10
    flow_start_time: 1388563200000000
    key_type: IPV4
  }
  start_time: 1388563200100190
  ip_info {
    last_cached_ttl: 8
    qos: 0
  }
  tcp_info {
    sequence_num: 300
    null_flags: 1
    syn_fin_rst_ack_all_zero: 1
    option_len_bins {
    }
  }
  flow_features {
    packet_count: 2
  }
  end_time: 1388563200100290
}
flow_info {
  key {
    src_address: "\001\002\003\001"
    dst_address: "\001\002\003d"
    src_port: 12346
    dst_port: 12345
    proto: 6
    tenant_id: 20
    flow_start_time: 1388563200000010
    key_type: IPV4
  }
  start_time: 1388563200100200
  ip_info {
    qos: 0
  }
  flow_features {
    packet_count: 2
  }
  end_time: 1388563200100300
}
flow_info {
  key {
    src_address: "\001\002\003\002"
    dst_address: "\001\002\003d"
    src_port: 12347
    dst_port: 12345
    proto: 6
    tenant_id: 10
    flow_start_time: 1388563200000020
    key_type: IPV4
  }
  start_time: 1388563200100210
  ip_info {
    last_cached_ttl: 8
    qos: 0
  }
  tcp_info {
    sequence_num: 320
    null_flags: 1
    syn_fin_rst_ack_all_zero: 1
    option_len_bins {
    }
  }
  flow_features {
    packet_count: 2
  }
  end_time: 1388563200100310
}
flow_info {
  key {
    src_address: "\001\002\003\003"
    dst_address: "\001\002\003d"
    src_port: 12348
    dst_port: 12345
    proto: 6
    tenant_id: 20
    flow_start_time: 1388563200000030
    key_type: IPV4
  }
  start_time: 1388563200100220
  ip_info {
    qos: 0
  }
  flow_features {
    packet_count: 2
  }
  end_time: 1388563200100320
}
flow_info {
  key {
    src_address: "\001\002\003\004"
    dst_address: "\001\002\003d"
    src_port: 12349
    dst_port: 12345
    proto: 6
    tenant_id: 10
    flow_start_time: 1388563200000040
    key_type: IPV4
  }
  start_time: 1388563200100230
  ip_info {
    last_cached_ttl: 8
    qos: 0
  }
  tcp_info {
    sequence_num: 340
    null_flags: 1
    syn_fin_rst_ack_all_zero: 1
    option_len_bins {
    }
  }
  flow_features {
    packet_count: 2
  }
  end_time: 1388563200100330
}
flow_info {
  key {
    src_address: "\001\002\003\005"
    dst_address: "\001\002\003d"
    src_port: 12350
    dst_port: 12345
    proto: 6
    tenant_id: 20
    flow_start_time: 1388563200000050
    key_type: IPV4
  }
  start_time: 1388563200100240
  ip_info {
    qos: 0
  }
  flow_features {
    packet_count: 2
  }
  end_time: 1388563200100340
}
flow_info {
  key {
    src_address: "\001\002\003\006"
    dst_address: "\001\002\003d"
    src_port: 12351
    dst_port: 12345
    proto: 6
    tenant_id: 10
    flow_start_time: 1388563200000060
    key_type: IPV4
  }
  start_time: 1388563200100250
  ip_info {
    last_cached_ttl: 8
    qos: 0
  }
  tcp_info {
    sequence_num: 360
    null_flags: 1
    syn_fin_rst_ack_all_zero: 1
    option_len_bins {
    }
  }
  flow_features {
    packet_count: 2
  }
  end_time: 1388563200100350
}
flow_info {
  key {
    src_address: "\001\002\003\007"
    dst_address: "\001\002\003d"
    src_port: 12352
    dst_port: 12345
    proto: 6
    tenant_id: 20
    flow_start_time: 1388563200000070
    key_type: IPV4
  }
  start_time: 1388563200100260
  ip_info {
    qos: 0
  }
  flow_features {
    packet_count: 2
  }
  end_time: 1388563200100360
}
flow_info {
  key {
    src_address: "\001\002\003\010"
    dst_address: "\001\002\003d"
    src_port: 12353
    dst_port: 12345
    proto: 6
    tenant_id: 10
    flow_start_time: 1388563200000080
    key_type: IPV4
  }
  start_time: 1388563200100270
  ip_info {
    last_cached_ttl: 8
    qos: 0
  }
  tcp_info {
    sequence_num: 380
    null_flags: 1
    syn_fin_rst_ack_all_zero: 1
    option_len_bins {
    }
  }
  flow_features {
    packet_count: 2
  }
  end_time: 1388563200100370
}
flow_info {
  key {
    src_address: "\001\002\003\t"
    dst_address: "\001\002\003d"
    src_port: 12354
    dst_port: 12345
    proto: 6
    tenant_id: 20
    flow_start_time: 1388563200000090
    key_type: IPV4
  }
  start_time: 1388563200100280
  ip_info {
    qos: 0
  }
  flow_features {
    packet_count: 2
  }
  end_time: 1388563200100380
}
