flow_info {
  key {
    src_address: "d\336y\255"
    dst_address: "\223D3\261"
    src_port: 52554
    dst_port: 38268
    proto: 6
    tenant_id: 10
    flow_start_time: 1388563200000000
    key_type: IPV4
  }
  start_time: 1388563200000000
  ip_info {
    last_cached_ttl: 8
    qos: 0
  }
  tcp_info {
    sequence_num: 0
    null_flags: 1
    syn_fin_rst_ack_all_zero: 1
    option_len_bins {
    }
  }
  flow_features {
    packet_count: 1
  }
  end_time: 1388563200000000
}
flow_info {
  key {
    src_address: "\001\002\003\004"
    dst_address: "\005\006\007\010"
    src_port: 111
    dst_port: 222
    proto: 6
    tenant_id: 10
    flow_start_time: 1388563200000010
    key_type: IPV4
  }
  start_time: 1388563200000010
  ip_info {
    qos: 0
  }
  flow_features {
    packet_count: 2
  }
  end_time: 1388563200000030
}
flow_info {
  key {
    src_address: "N-8J"
    dst_address: "b\227\246N"
    src_port: 434
    dst_port: 60632
    proto: 6
    tenant_id: 10
    flow_start_time: 1388563200000020
    key_type: IPV4
  }
  start_time: 1388563200000020
  ip_info {
    last_cached_ttl: 8
    qos: 0
  }
  tcp_info {
    sequence_num: 10
    null_flags: 1
    syn_fin_rst_ack_all_zero: 1
    option_len_bins {
    }
  }
  flow_features {
    packet_count: 1
  }
  end_time: 1388563200000020
}
flow_info {
  key {
    src_address: "\3057Xt"
    dst_address: "x\321\023&"
    src_port: 34533
    dst_port: 352
    proto: 6
    tenant_id: 10
    flow_start_time: 1388563200000040
    key_type: IPV4
  }
  start_time: 1388563200000040
  ip_info {
    last_cached_ttl: 8
    qos: 0
  }
  tcp_info {
    sequence_num: 20
    null_flags: 1
    syn_fin_rst_ack_all_zero: 1
    option_len_bins {
    }
  }
  flow_features {
    packet_count: 1
  }
  end_time: 1388563200000040
}
