flow_info {
  key {
    src_address: "\001\2128\357\223~\215\354LD\243^\003\032\236\201"
    dst_address: "\235*\030>-\034\027\323\351\302>\256\266c\271\301"
    src_port: 41951
    dst_port: 60012
    proto: 6
    tenant_id: 10
    flow_start_time: 1388563200000000
    key_type: IPV6
  }
  start_time: 1388563200000000
  ip_info {
    last_cached_ttl: 8
    qos: 0
  }
  tcp_info {
    sequence_num: 0
    null_flags: 1
    syn_fin_rst_ack_all_zero: 1
    option_len_bins {
    }
  }
  flow_features {
    packet_count: 1
  }
  end_time: 1388563200000000
}
flow_info {
  key {
    src_address: "\001\002\003\000"
    dst_address: "\005\006\007\010"
    src_port: 111
    dst_port: 222
    proto: 17
    tenant_id: 10
    flow_start_time: 1388563200000010
    key_type: IPV4
  }
  start_time: 1388563200000010
  ip_info {
    qos: 0
  }
  flow_features {
    packet_count: 1
  }
  end_time: 1388563200000010
}
flow_info {
  key {
    src_address: "\217J\314\024\265\031iw\207\303\036a\312\265\002T"
    dst_address: "\277Y\036\277\220E;\250\300\331(\356\357\204\215S"
    src_port: 39169
    dst_port: 61553
    proto: 6
    tenant_id: 10
    flow_start_time: 1388563200000020
    key_type: IPV6
  }
  start_time: 1388563200000020
  ip_info {
    last_cached_ttl: 8
    qos: 0
  }
  tcp_info {
    sequence_num: 10
    null_flags: 1
    syn_fin_rst_ack_all_zero: 1
    option_len_bins {
    }
  }
  flow_features {
    packet_count: 1
  }
  end_time: 1388563200000020
}
flow_info {
  key {
    src_address: "\001\002\003\001"
    dst_address: "\005\006\007\010"
    src_port: 111
    dst_port: 222
    proto: 17
    tenant_id: 10
    flow_start_time: 1388563200000030
    key_type: IPV4
  }
  start_time: 1388563200000030
  ip_info {
    qos: 0
  }
  flow_features {
    packet_count: 1
  }
  end_time: 1388563200000030
}
flow_info {
  key {
    src_address: "L#\242T\341]\24328\230w\001\236v\277P"
    dst_address: "\217J\314\024\265\031iw\207\303\036a\312\265\002T"
    src_port: 5114
    dst_port: 27287
    proto: 6
    tenant_id: 10
    flow_start_time: 1388563200000040
    key_type: IPV6
  }
  start_time: 1388563200000040
  ip_info {
    last_cached_ttl: 8
    qos: 0
  }
  tcp_info {
    sequence_num: 20
    null_flags: 1
    syn_fin_rst_ack_all_zero: 1
    option_len_bins {
    }
  }
  flow_features {
    packet_count: 1
  }
  end_time: 1388563200000040
}
