flow_info {
  key {
    src_address: "\007i\034\025\023D\211\307y\207\010:\242J\217|"
    dst_address: "\031Z\371\354\264C;\n\325\356\262\353\033=*\032"
    src_port: 60012
    dst_port: 50541
    proto: 6
    tenant_id: 10
    flow_start_time: 1388563200000000
    key_type: IPV6
  }
  start_time: 1388563200000000
  ip_info {
    last_cached_ttl: 8
    qos: 0
  }
  tcp_info {
    sequence_num: 0
    null_flags: 1
    syn_fin_rst_ack_all_zero: 1
    option_len_bins {
    }
  }
  flow_features {
    packet_count: 1
  }
  end_time: 1388563200000000
}
flow_info {
  key {
    src_address: "\001\002\003\000"
    dst_address: "\001\002\003d"
    src_port: 12345
    dst_port: 12345
    proto: 17
    tenant_id: 10
    flow_start_time: 1388563200000010
    key_type: IPV4
  }
  start_time: 1388563200000010
  ip_info {
    qos: 0
  }
  flow_features {
    packet_count: 1
  }
  end_time: 1388563200000010
}
flow_info {
  key {
    src_address: "\314\347K\357\276\377\002\303\215\265\301!i\336~\240"
    dst_address: "\202\350\342\243\237\241c/\262\334pM\322\022\211\363"
    src_port: 52037
    dst_port: 25845
    proto: 6
    tenant_id: 10
    flow_start_time: 1388563200000020
    key_type: IPV6
  }
  start_time: 1388563200000020
  ip_info {
    last_cached_ttl: 8
    qos: 0
  }
  tcp_info {
    sequence_num: 10
    null_flags: 1
    syn_fin_rst_ack_all_zero: 1
    option_len_bins {
    }
  }
  flow_features {
    packet_count: 1
  }
  end_time: 1388563200000020
}
flow_info {
  key {
    src_address: "\001\002\003\001"
    dst_address: "\001\002\003d"
    src_port: 12345
    dst_port: 12346
    proto: 17
    tenant_id: 10
    flow_start_time: 1388563200000030
    key_type: IPV4
  }
  start_time: 1388563200000030
  ip_info {
    qos: 0
  }
  flow_features {
    packet_count: 1
  }
  end_time: 1388563200000030
}
flow_info {
  key {
    src_address: "\312T\271\351\375\315.\323`\324K\233\004\niC"
    dst_address: "\007i\034\025\023D\211\307y\207\010:\242J\217|"
    src_port: 17720
    dst_port: 60174
    proto: 6
    tenant_id: 10
    flow_start_time: 1388563200000040
    key_type: IPV6
  }
  start_time: 1388563200000040
  ip_info {
    last_cached_ttl: 8
    qos: 0
  }
  tcp_info {
    sequence_num: 20
    null_flags: 1
    syn_fin_rst_ack_all_zero: 1
    option_len_bins {
    }
  }
  flow_features {
    packet_count: 1
  }
  end_time: 1388563200000040
}
