flow_info {
  key {
    src_address: "\001\002\003\004\000\000\000\000\000\000\000\000\000\000\000\000"
    dst_address: "\005\006\007\010\000\000\000\000\000\000\000\000\000\000\000\000"
    src_port: 111
    dst_port: 222
    proto: 6
    tenant_id: 10
    flow_start_time: 1388563200000000
    key_type: IPV6
  }
  start_time: 1388563200000000
  ip_info {
    last_cached_ttl: 8
    qos: 0
  }
  tcp_info {
    sequence_num: 3000
    null_flags: 1
    syn_fin_rst_ack_all_zero: 1
    possible_retransmission: 1
    option_len_bins {
    }
  }
  flow_features {
    packet_count: 3
  }
  end_time: 1388563200000040
}
flow_info {
  key {
    src_address: "\004\005\006\007\010\000"
    dst_address: "\002\002\002\002\002d"
    tenant_id: 10
    flow_start_time: 1388563200000010
    key_type: MAC
    ether_type: 34827
  }
  start_time: 1388563200000010
  ip_info {
    qos: 0
  }
  flow_features {
    packet_count: 1
  }
  end_time: 1388563200000010
}
flow_info {
  key {
    src_address: "\004\005\006\007\010\001"
    dst_address: "\002\002\002\002\002e"
    tenant_id: 10
    flow_start_time: 1388563200000030
    key_type: MAC
    ether_type: 34827
  }
  start_time: 1388563200000030
  ip_info {
    qos: 0
  }
  flow_features {
    packet_count: 1
  }
  end_time: 1388563200000030
}
