flow_info {
  key {
    src_address: "U\327A\270\035P\354\343%<z\362 \002\3233"
    dst_address: "`\370J\306\3747s\016\204\024G\274\223{\303\022"
    src_port: 34359
    dst_port: 45458
    proto: 6
    tenant_id: 10
    flow_start_time: 1388563200000000
    key_type: IPV6
  }
  start_time: 1388563200000000
  ip_info {
    last_cached_ttl: 8
    qos: 0
  }
  tcp_info {
    sequence_num: 0
    null_flags: 1
    syn_fin_rst_ack_all_zero: 1
    option_len_bins {
    }
  }
  flow_features {
    packet_count: 1
  }
  end_time: 1388563200000000
}
flow_info {
  key {
    src_address: "\001\000\000\000\000\000\000\000\000\000\000\000\000\000\000\000"
    dst_address: "\001\000\000\000\000\000\000\000\000\000\000\000\000\000\000d"
    src_port: 12345
    dst_port: 12345
    proto: 17
    tenant_id: 10
    flow_start_time: 1388563200000010
    key_type: IPV6
  }
  start_time: 1388563200000010
  ip_info {
    qos: 0
  }
  flow_features {
    packet_count: 1
  }
  end_time: 1388563200000010
}
flow_info {
  key {
    src_address: "1\373e\264h\352\003\000\360\353.|\340 \3024"
    dst_address: "/\216\345\252h\024&\304\tD\305x\203\246m\254"
    src_port: 162
    dst_port: 51780
    proto: 6
    tenant_id: 10
    flow_start_time: 1388563200000020
    key_type: IPV6
  }
  start_time: 1388563200000020
  ip_info {
    last_cached_ttl: 8
    qos: 0
  }
  tcp_info {
    sequence_num: 10
    null_flags: 1
    syn_fin_rst_ack_all_zero: 1
    option_len_bins {
    }
  }
  flow_features {
    packet_count: 1
  }
  end_time: 1388563200000020
}
flow_info {
  key {
    src_address: "\001\000\000\000\000\000\000\000\000\000\000\000\000\000\000\001"
    dst_address: "\001\000\000\000\000\000\000\000\000\000\000\000\000\000\000e"
    src_port: 12345
    dst_port: 12345
    proto: 17
    tenant_id: 10
    flow_start_time: 1388563200000030
    key_type: IPV6
  }
  start_time: 1388563200000030
  ip_info {
    qos: 0
  }
  flow_features {
    packet_count: 1
  }
  end_time: 1388563200000030
}
flow_info {
  key {
    src_address: "\314#]N0\313\354\355z\231 \330\302\021i1"
    dst_address: "E\214\014>N\307\210\345/\223-\346I\326\254\331"
    src_port: 33307
    dst_port: 44191
    proto: 6
    tenant_id: 10
    flow_start_time: 1388563200000040
    key_type: IPV6
  }
  start_time: 1388563200000040
  ip_info {
    last_cached_ttl: 8
    qos: 0
  }
  tcp_info {
    sequence_num: 20
    null_flags: 1
    syn_fin_rst_ack_all_zero: 1
    option_len_bins {
    }
  }
  flow_features {
    packet_count: 1
  }
  end_time: 1388563200000040
}
