flow_info {
  key {
    src_address: "\002\002\002\002\002\000"
    dst_address: "\n\013\014\r\000\000"
    tenant_id: 10
    flow_start_time: 1388563200000000
    key_type: MAC
    ether_type: 34827
  }
  start_time: 1388563200000000
  ip_info {
    qos: 0
  }
  flow_features {
    packet_count: 1
  }
  end_time: 1388563200000000
}
flow_info {
  key {
    src_address: "\314^9\344"
    dst_address: "=\204\001L"
    src_port: 51780
    dst_port: 46770
    proto: 6
    tenant_id: 10
    flow_start_time: 1388563200000010
    key_type: IPV4
  }
  start_time: 1388563200000010
  ip_info {
    qos: 0
  }
  flow_features {
    packet_count: 1
  }
  end_time: 1388563200000010
}
flow_info {
  key {
    src_address: "\002\002\002\002\002\001"
    dst_address: "\n\013\014\r\000\001"
    tenant_id: 10
    flow_start_time: 1388563200000020
    key_type: MAC
    ether_type: 34827
  }
  start_time: 1388563200000020
  ip_info {
    qos: 0
  }
  flow_features {
    packet_count: 1
  }
  end_time: 1388563200000020
}
flow_info {
  key {
    src_address: "G\357`\342"
    dst_address: "J^k\357"
    src_port: 34370
    dst_port: 34370
    proto: 6
    tenant_id: 10
    flow_start_time: 1388563200000030
    key_type: IPV4
  }
  start_time: 1388563200000030
  ip_info {
    qos: 0
  }
  flow_features {
    packet_count: 1
  }
  end_time: 1388563200000030
}
flow_info {
  key {
    src_address: "\002\002\002\002\002\002"
    dst_address: "\n\013\014\r\000\002"
    tenant_id: 10
    flow_start_time: 1388563200000040
    key_type: MAC
    ether_type: 34827
  }
  start_time: 1388563200000040
  ip_info {
    qos: 0
  }
  flow_features {
    packet_count: 1
  }
  end_time: 1388563200000040
}
