flow_info {
  key {
    src_address: "\001\002\003\004"
    dst_address: "\005\006\007\010"
    src_port: 111
    dst_port: 222
    proto: 6
    tenant_id: 10
    flow_start_time: 1388563200000000
    key_type: IPV4
  }
  start_time: 1388563200000000
  ip_info {
    last_cached_ttl: 8
    qos: 0
  }
  tcp_info {
    sequence_num: 20
    null_flags: 1
    syn_fin_rst_ack_all_zero: 1
    option_len_bins {
    }
  }
  flow_features {
    packet_count: 3
  }
  end_time: 1388563200000040
}
flow_info {
  key {
    src_address: "\031\000\223\303\341\3657\327\275s\nW\202\037\2426"
    dst_address: "^\371Jy\005\335\223\357vDN\325K\215\221\312"
    src_port: 19779
    dst_port: 48212
    proto: 6
    tenant_id: 10
    flow_start_time: 1388563200000010
    key_type: IPV6
  }
  start_time: 1388563200000010
  ip_info {
    qos: 0
  }
  flow_features {
    packet_count: 1
  }
  end_time: 1388563200000010
}
flow_info {
  key {
    src_address: "ED\210S\360\342J\030J}\325-\025})\306"
    dst_address: "*P&\260\215+d\024\001\212\264\342\343\232\216Z"
    src_port: 12955
    dst_port: 34565
    proto: 6
    tenant_id: 10
    flow_start_time: 1388563200000030
    key_type: IPV6
  }
  start_time: 1388563200000030
  ip_info {
    qos: 0
  }
  flow_features {
    packet_count: 1
  }
  end_time: 1388563200000030
}
