flow_info {
  key {
    src_address: "\002\002\002\002\002\000"
    dst_address: "\002\002\002\002\002d"
    tenant_id: 10
    flow_start_time: 1388563200000000
    key_type: MAC
    ether_type: 34827
  }
  start_time: 1388563200000000
  ip_info {
    qos: 0
  }
  flow_features {
    packet_count: 2
  }
  end_time: 1388563200000040
}
flow_info {
  key {
    src_address: "26\301{\226\n+V\215\3779\311\246\367&\362"
    dst_address: "\204\342\177\027\027\330n\035\206\320\221=\341\001\233\255"
    src_port: 62971
    dst_port: 30654
    proto: 6
    tenant_id: 10
    flow_start_time: 1388563200000010
    key_type: IPV6
  }
  start_time: 1388563200000010
  ip_info {
    qos: 0
  }
  flow_features {
    packet_count: 1
  }
  end_time: 1388563200000010
}
flow_info {
  key {
    src_address: "\002\002\002\002\002\001"
    dst_address: "\002\002\002\002\002d"
    tenant_id: 10
    flow_start_time: 1388563200000020
    key_type: MAC
    ether_type: 34827
  }
  start_time: 1388563200000020
  ip_info {
    qos: 0
  }
  flow_features {
    packet_count: 1
  }
  end_time: 1388563200000020
}
flow_info {
  key {
    src_address: "\324\030J\020\202\314N\276\035#\303@\317\371z\013"
    dst_address: "\367\007\250\207\006gz\267=UVxX3o."
    src_port: 42231
    dst_port: 17696
    proto: 6
    tenant_id: 10
    flow_start_time: 1388563200000030
    key_type: IPV6
  }
  start_time: 1388563200000030
  ip_info {
    qos: 0
  }
  flow_features {
    packet_count: 1
  }
  end_time: 1388563200000030
}
