flow_info {
  key {
    src_address: "k\252\215>"
    dst_address: "\376\350}p"
    src_port: 43907
    dst_port: 47285
    proto: 6
    tenant_id: 10
    flow_start_time: 1388563200000000
    key_type: IPV4
  }
  start_time: 1388563200000000
  ip_info {
    last_cached_ttl: 8
    qos: 0
  }
  tcp_info {
    sequence_num: 0
    null_flags: 1
    syn_fin_rst_ack_all_zero: 1
    option_len_bins {
    }
  }
  flow_features {
    packet_count: 1
  }
  end_time: 1388563200000000
}
flow_info {
  key {
    src_address: "\001\000\000\000\000\000\000\000\000\000\000\000\000\000\000\000"
    dst_address: "\001\000\000\000\000\000\000\000\000\000\000\000\000\000\000d"
    src_port: 12345
    dst_port: 12345
    proto: 6
    tenant_id: 10
    flow_start_time: 1388563200000010
    key_type: IPV6
  }
  start_time: 1388563200000010
  ip_info {
    qos: 0
  }
  flow_features {
    packet_count: 1
  }
  end_time: 1388563200000010
}
flow_info {
  key {
    src_address: "\315\2534O"
    dst_address: "q\356b\263"
    src_port: 6602
    dst_port: 51234
    proto: 6
    tenant_id: 10
    flow_start_time: 1388563200000020
    key_type: IPV4
  }
  start_time: 1388563200000020
  ip_info {
    last_cached_ttl: 8
    qos: 0
  }
  tcp_info {
    sequence_num: 10
    null_flags: 1
    syn_fin_rst_ack_all_zero: 1
    option_len_bins {
    }
  }
  flow_features {
    packet_count: 1
  }
  end_time: 1388563200000020
}
flow_info {
  key {
    src_address: "\001\000\000\000\000\000\000\000\000\000\000\000\000\000\000\001"
    dst_address: "\001\000\000\000\000\000\000\000\000\000\000\000\000\000\000e"
    src_port: 12345
    dst_port: 12345
    proto: 6
    tenant_id: 10
    flow_start_time: 1388563200000030
    key_type: IPV6
  }
  start_time: 1388563200000030
  ip_info {
    qos: 0
  }
  flow_features {
    packet_count: 1
  }
  end_time: 1388563200000030
}
flow_info {
  key {
    src_address: "\377\020f\212"
    dst_address: "/\353\n\267"
    src_port: 51234
    dst_port: 22017
    proto: 6
    tenant_id: 10
    flow_start_time: 1388563200000040
    key_type: IPV4
  }
  start_time: 1388563200000040
  ip_info {
    last_cached_ttl: 8
    qos: 0
  }
  tcp_info {
    sequence_num: 20
    null_flags: 1
    syn_fin_rst_ack_all_zero: 1
    option_len_bins {
    }
  }
  flow_features {
    packet_count: 1
  }
  end_time: 1388563200000040
}
