flow_info {
  key {
    src_address: "\214\262\326\273\202\322\014\222\270\244\261\341\350\365\026d"
    dst_address: "J\020\223<\226I{g\000WO$v\3144\336"
    src_port: 35156
    dst_port: 54190
    proto: 6
    tenant_id: 10
    flow_start_time: 1388563200000000
    key_type: IPV6
  }
  start_time: 1388563200000000
  ip_info {
    last_cached_ttl: 8
    qos: 0
  }
  tcp_info {
    sequence_num: 0
    null_flags: 1
    syn_fin_rst_ack_all_zero: 1
    option_len_bins {
    }
  }
  flow_features {
    packet_count: 1
  }
  end_time: 1388563200000000
}
flow_info {
  key {
    src_address: "\001\002\003\004"
    dst_address: "\001\002\003d"
    src_port: 111
    dst_port: 222
    proto: 17
    tenant_id: 10
    flow_start_time: 1388563200000010
    key_type: IPV4
  }
  start_time: 1388563200000010
  ip_info {
    qos: 0
  }
  flow_features {
    packet_count: 1
  }
  end_time: 1388563200000010
}
flow_info {
  key {
    src_address: "\363\017<\337\004(\210\274\233\221GCQ\305\317\311"
    dst_address: "\013?\\x\025\376\030\323\364=\343\304\201 \356\335"
    src_port: 60863
    dst_port: 12522
    proto: 6
    tenant_id: 10
    flow_start_time: 1388563200000020
    key_type: IPV6
  }
  start_time: 1388563200000020
  ip_info {
    last_cached_ttl: 8
    qos: 0
  }
  tcp_info {
    sequence_num: 10
    null_flags: 1
    syn_fin_rst_ack_all_zero: 1
    option_len_bins {
    }
  }
  flow_features {
    packet_count: 1
  }
  end_time: 1388563200000020
}
flow_info {
  key {
    src_address: "\001\002\003\004"
    dst_address: "\001\002\003e"
    src_port: 111
    dst_port: 222
    proto: 17
    tenant_id: 10
    flow_start_time: 1388563200000030
    key_type: IPV4
  }
  start_time: 1388563200000030
  ip_info {
    qos: 0
  }
  flow_features {
    packet_count: 1
  }
  end_time: 1388563200000030
}
flow_info {
  key {
    src_address: "w\231\357\272\2277\006\0222wDQ\017\321~\314"
    dst_address: "\203\367\317\270a\346s\236\225[\324\2016B\013Q"
    src_port: 62613
    dst_port: 61124
    proto: 6
    tenant_id: 10
    flow_start_time: 1388563200000040
    key_type: IPV6
  }
  start_time: 1388563200000040
  ip_info {
    last_cached_ttl: 8
    qos: 0
  }
  tcp_info {
    sequence_num: 20
    null_flags: 1
    syn_fin_rst_ack_all_zero: 1
    option_len_bins {
    }
  }
  flow_features {
    packet_count: 1
  }
  end_time: 1388563200000040
}
