flow_info {
  key {
    src_address: "\001\000\000\000\000\000\000\000\000\000\000\000\000\000\000\000"
    dst_address: "\001\000\000\000\000\000\000\000\000\000\000\000\000\000\000d"
    src_port: 12345
    dst_port: 12345
    proto: 6
    tenant_id: 10
    flow_start_time: 1388563200000000
    key_type: IPV6
  }
  start_time: 1388563200000000
  ip_info {
    last_cached_ttl: 8
    qos: 0
  }
  tcp_info {
    sequence_num: 0
    null_flags: 1
    syn_fin_rst_ack_all_zero: 1
    option_len_bins {
    }
  }
  flow_features {
    packet_count: 1
  }
  end_time: 1388563200000000
}
flow_info {
  key {
    src_address: "\211\365e\347\225\312\003\232H7\277U\211JP\374"
    dst_address: "\310`\371\342)\035M\266\373J\341\032<\250\251\311"
    src_port: 64578
    dst_port: 63748
    proto: 6
    tenant_id: 10
    flow_start_time: 1388563200000010
    key_type: IPV6
  }
  start_time: 1388563200000010
  ip_info {
    qos: 0
  }
  flow_features {
    packet_count: 1
  }
  end_time: 1388563200000010
}
flow_info {
  key {
    src_address: "\001\000\000\000\000\000\000\000\000\000\000\000\000\000\000\001"
    dst_address: "\001\000\000\000\000\000\000\000\000\000\000\000\000\000\000d"
    src_port: 12345
    dst_port: 12346
    proto: 6
    tenant_id: 10
    flow_start_time: 1388563200000020
    key_type: IPV6
  }
  start_time: 1388563200000020
  ip_info {
    last_cached_ttl: 8
    qos: 0
  }
  tcp_info {
    sequence_num: 10
    null_flags: 1
    syn_fin_rst_ack_all_zero: 1
    option_len_bins {
    }
  }
  flow_features {
    packet_count: 1
  }
  end_time: 1388563200000020
}
flow_info {
  key {
    src_address: "Fy\240\347Z\027\206\363\272o\234\214\034\027\365\216"
    dst_address: "\014\370\"\250\362\350\375g\321\213\201`\216\354\006V"
    src_port: 11205
    dst_port: 7908
    proto: 6
    tenant_id: 10
    flow_start_time: 1388563200000030
    key_type: IPV6
  }
  start_time: 1388563200000030
  ip_info {
    qos: 0
  }
  flow_features {
    packet_count: 1
  }
  end_time: 1388563200000030
}
flow_info {
  key {
    src_address: "\001\000\000\000\000\000\000\000\000\000\000\000\000\000\000\002"
    dst_address: "\001\000\000\000\000\000\000\000\000\000\000\000\000\000\000d"
    src_port: 12345
    dst_port: 12347
    proto: 6
    tenant_id: 10
    flow_start_time: 1388563200000040
    key_type: IPV6
  }
  start_time: 1388563200000040
  ip_info {
    last_cached_ttl: 8
    qos: 0
  }
  tcp_info {
    sequence_num: 20
    null_flags: 1
    syn_fin_rst_ack_all_zero: 1
    option_len_bins {
    }
  }
  flow_features {
    packet_count: 1
  }
  end_time: 1388563200000040
}
