flow_info {
  key {
    src_address: "\001\000\000\000\000\000\000\000\000\000\000\000\000\000\000\000"
    dst_address: "\001\000\000\000\000\000\000\000\000\000\000\000\000\000\000d"
    src_port: 12345
    dst_port: 12345
    proto: 17
    tenant_id: 10
    flow_start_time: 1388563200000000
    key_type: IPV6
  }
  start_time: 1388563200000000
  ip_info {
    last_cached_ttl: 8
    qos: 0
  }
  flow_features {
    packet_count: 1
  }
  end_time: 1388563200000000
}
flow_info {
  key {
    src_address: "\247g5O\257\3104\340\235\345\237,V\330v\030"
    dst_address: "\215fwK\354\367\264\262\372\000N\3678\303lC"
    src_port: 57296
    dst_port: 4928
    proto: 6
    tenant_id: 10
    flow_start_time: 1388563200000010
    key_type: IPV6
  }
  start_time: 1388563200000010
  ip_info {
    qos: 0
  }
  flow_features {
    packet_count: 1
  }
  end_time: 1388563200000010
}
flow_info {
  key {
    src_address: "\001\000\000\000\000\000\000\000\000\000\000\000\000\000\000\001"
    dst_address: "\001\000\000\000\000\000\000\000\000\000\000\000\000\000\000d"
    src_port: 12345
    dst_port: 12346
    proto: 17
    tenant_id: 10
    flow_start_time: 1388563200000020
    key_type: IPV6
  }
  start_time: 1388563200000020
  ip_info {
    last_cached_ttl: 8
    qos: 0
  }
  flow_features {
    packet_count: 1
  }
  end_time: 1388563200000020
}
flow_info {
  key {
    src_address: "\343A\254\3400Z\274tKi\377\270\004.U\336"
    dst_address: "\264\022h@\223`\026K\237K\200!,\370\321\236"
    src_port: 54393
    dst_port: 50712
    proto: 6
    tenant_id: 10
    flow_start_time: 1388563200000030
    key_type: IPV6
  }
  start_time: 1388563200000030
  ip_info {
    qos: 0
  }
  flow_features {
    packet_count: 1
  }
  end_time: 1388563200000030
}
flow_info {
  key {
    src_address: "\001\000\000\000\000\000\000\000\000\000\000\000\000\000\000\002"
    dst_address: "\001\000\000\000\000\000\000\000\000\000\000\000\000\000\000d"
    src_port: 12345
    dst_port: 12347
    proto: 17
    tenant_id: 10
    flow_start_time: 1388563200000040
    key_type: IPV6
  }
  start_time: 1388563200000040
  ip_info {
    last_cached_ttl: 8
    qos: 0
  }
  flow_features {
    packet_count: 1
  }
  end_time: 1388563200000040
}
