flow_info {
  key {
    src_address: "i\027\231\373\323\202c\327PQ\305\317\266\317\036\000"
    dst_address: "Qxx5u\216\255\013\244\360\270\216]L\236U"
    src_port: 62745
    dst_port: 23020
    proto: 6
    tenant_id: 10
    flow_start_time: 1388563200000000
    key_type: IPV6
  }
  start_time: 1388563200000000
  ip_info {
    last_cached_ttl: 8
    qos: 0
  }
  tcp_info {
    sequence_num: 0
    null_flags: 1
    syn_fin_rst_ack_all_zero: 1
    option_len_bins {
    }
  }
  flow_features {
    packet_count: 1
  }
  end_time: 1388563200000000
}
flow_info {
  key {
    src_address: "\001\002\003\004"
    dst_address: "\005\006\007\010"
    src_port: 111
    dst_port: 222
    proto: 6
    tenant_id: 10
    flow_start_time: 1388563200000010
    key_type: IPV4
  }
  start_time: 1388563200000010
  ip_info {
    qos: 0
  }
  flow_features {
    packet_count: 2
  }
  end_time: 1388563200000030
}
flow_info {
  key {
    src_address: "\235\3537,h\245\314\226T\r\033\355\340\265\025\327"
    dst_address: "<,E\234j\357\3107\005\230i\342\014\355\254\033"
    src_port: 24074
    dst_port: 49142
    proto: 6
    tenant_id: 10
    flow_start_time: 1388563200000020
    key_type: IPV6
  }
  start_time: 1388563200000020
  ip_info {
    last_cached_ttl: 8
    qos: 0
  }
  tcp_info {
    sequence_num: 10
    null_flags: 1
    syn_fin_rst_ack_all_zero: 1
    option_len_bins {
    }
  }
  flow_features {
    packet_count: 1
  }
  end_time: 1388563200000020
}
flow_info {
  key {
    src_address: "|\014\245\275\037\032\354\215\001y+\261\026\362/\000"
    dst_address: "\021\306\316\356D\002\241\322\'\277\237\354!\037\023R"
    src_port: 40931
    dst_port: 54451
    proto: 6
    tenant_id: 10
    flow_start_time: 1388563200000040
    key_type: IPV6
  }
  start_time: 1388563200000040
  ip_info {
    last_cached_ttl: 8
    qos: 0
  }
  tcp_info {
    sequence_num: 20
    null_flags: 1
    syn_fin_rst_ack_all_zero: 1
    option_len_bins {
    }
  }
  flow_features {
    packet_count: 1
  }
  end_time: 1388563200000040
}
