flow_info {
  key {
    src_address: "\001\002\003\004"
    dst_address: "\005\006\007\010"
    src_port: 111
    dst_port: 222
    proto: 6
    tenant_id: 10
    flow_start_time: 1388563200000000
    key_type: IPV4
  }
  start_time: 1388563200000000
  ip_info {
    last_cached_ttl: 8
    qos: 0
  }
  tcp_info {
    accumulated_flags {
      ack: 1
      ece: 1
    }
    sequence_num: 20
    ack_num: 0
    null_flags: 1
    syn_fin_rst_ack_all_zero: 1
    option_len_bins {
    }
  }
  flow_features {
    packet_count: 3
  }
  end_time: 1388563200000040
}
flow_info {
  key {
    src_address: "\220H\315\027&\360\200\312jks\317ci=B"
    dst_address: "7V\210\306\364\342\311]\347\"\353>\214\254\375;"
    src_port: 60779
    dst_port: 45942
    proto: 6
    tenant_id: 10
    flow_start_time: 1388563200000010
    key_type: IPV6
  }
  start_time: 1388563200000010
  ip_info {
    qos: 0
  }
  flow_features {
    packet_count: 1
  }
  end_time: 1388563200000010
}
flow_info {
  key {
    src_address: "\250~\t4\306<g\203~\000{g\357 r]"
    dst_address: "\273\233\027n\035\234\245A\024Z\227I\321SsX"
    src_port: 34295
    dst_port: 48713
    proto: 6
    tenant_id: 10
    flow_start_time: 1388563200000030
    key_type: IPV6
  }
  start_time: 1388563200000030
  ip_info {
    qos: 0
  }
  flow_features {
    packet_count: 1
  }
  end_time: 1388563200000030
}
