flow_info {
  key {
    src_address: "\004\005\006\007\010\000"
    dst_address: "\n\013\014\r\000\000"
    tenant_id: 10
    flow_start_time: 1388563200000000
    key_type: MAC
    ether_type: 34827
  }
  start_time: 1388563200000000
  ip_info {
    qos: 0
  }
  flow_features {
    packet_count: 1
  }
  end_time: 1388563200000000
}
flow_info {
  key {
    src_address: "\001\002\003\004"
    dst_address: "\005\006\007\010"
    src_port: 111
    dst_port: 222
    proto: 6
    tenant_id: 10
    flow_start_time: 1388563200000010
    key_type: IPV4
  }
  start_time: 1388563200000010
  ip_info {
    qos: 0
  }
  flow_features {
    packet_count: 3
  }
  end_time: 1388563200000040
}
flow_info {
  key {
    src_address: "\001\002\003\007"
    dst_address: "\001\002\003\010"
    proto: 249
    tenant_id: 10
    flow_start_time: 1388563200000020
    key_type: IPV4
  }
  start_time: 1388563200000020
  ip_info {
  }
  flow_features {
    packet_count: 1
  }
  end_time: 1388563200000020
}
