flow_info {
  key {
    src_address: "\352_Y\\z\tze\rE$1\024nF&"
    dst_address: "\025\230\217\301\255\377c\245MzF\321$B\032\355"
    src_port: 17059
    dst_port: 43587
    proto: 6
    tenant_id: 10
    flow_start_time: 1388563200000000
    key_type: IPV6
  }
  start_time: 1388563200000000
  ip_info {
    last_cached_ttl: 8
    qos: 0
  }
  tcp_info {
    sequence_num: 0
    null_flags: 1
    syn_fin_rst_ack_all_zero: 1
    option_len_bins {
    }
  }
  flow_features {
    packet_count: 1
  }
  end_time: 1388563200000000
}
flow_info {
  key {
    src_address: "\354\377)\013Wd\320\034rK\257\024\231\324\'A"
    dst_address: "\\\237\3459h\306?\n\227\254\315\256 @\372E"
    src_port: 22142
    dst_port: 32699
    proto: 6
    tenant_id: 20
    flow_start_time: 1388563200023464
    key_type: IPV6
  }
  start_time: 1388563200023464
  ip_info {
    qos: 0
  }
  flow_features {
    packet_count: 1
  }
  end_time: 1388563200023464
}
flow_info {
  key {
    src_address: "*\335\221\264#\237`!\027Y\330;\304zG\215"
    dst_address: "<\371>\274/*n\320\274\026\023\262\302\344\212^"
    src_port: 25278
    dst_port: 45283
    proto: 6
    tenant_id: 10
    flow_start_time: 1388563200046928
    key_type: IPV6
  }
  start_time: 1388563200046928
  ip_info {
    last_cached_ttl: 8
    qos: 0
  }
  tcp_info {
    sequence_num: 20
    null_flags: 1
    syn_fin_rst_ack_all_zero: 1
    option_len_bins {
    }
  }
  flow_features {
    packet_count: 1
  }
  end_time: 1388563200046928
}
flow_info {
  key {
    src_address: "\352_Y\\z\tze\rE$1\024nF&"
    dst_address: "\036\203\002\037\362\311\336\264\356\326v\300}\207<\036"
    src_port: 839
    dst_port: 49290
    proto: 6
    tenant_id: 20
    flow_start_time: 1388563200070392
    key_type: IPV6
  }
  start_time: 1388563200070392
  ip_info {
    qos: 0
  }
  flow_features {
    packet_count: 1
  }
  end_time: 1388563200070392
}
flow_info {
  key {
    src_address: "\354\377)\013Wd\320\034rK\257\024\231\324\'A"
    dst_address: "\246O\347\0222\376\214lE\n\206\215\353\364z\320"
    src_port: 32933
    dst_port: 12264
    proto: 6
    tenant_id: 10
    flow_start_time: 1388563200093856
    key_type: IPV6
  }
  start_time: 1388563200093856
  ip_info {
    last_cached_ttl: 8
    qos: 0
  }
  tcp_info {
    sequence_num: 40
    null_flags: 1
    syn_fin_rst_ack_all_zero: 1
    option_len_bins {
    }
  }
  flow_features {
    packet_count: 1
  }
  end_time: 1388563200093856
}
flow_info {
  key {
    src_address: "*\335\221\264#\237`!\027Y\330;\304zG\215"
    dst_address: "\025\230\217\301\255\377c\245MzF\321$B\032\355"
    src_port: 41369
    dst_port: 63337
    proto: 6
    tenant_id: 20
    flow_start_time: 1388563200117320
    key_type: IPV6
  }
  start_time: 1388563200117320
  ip_info {
    qos: 0
  }
  flow_features {
    packet_count: 1
  }
  end_time: 1388563200117320
}
flow_info {
  key {
    src_address: "\352_Y\\z\tze\rE$1\024nF&"
    dst_address: "\\\237\3459h\306?\n\227\254\315\256 @\372E"
    src_port: 40544
    dst_port: 40544
    proto: 6
    tenant_id: 10
    flow_start_time: 1388563200140784
    key_type: IPV6
  }
  start_time: 1388563200140784
  ip_info {
    last_cached_ttl: 8
    qos: 0
  }
  tcp_info {
    sequence_num: 60
    null_flags: 1
    syn_fin_rst_ack_all_zero: 1
    option_len_bins {
    }
  }
  flow_features {
    packet_count: 1
  }
  end_time: 1388563200140784
}
flow_info {
  key {
    src_address: "\354\377)\013Wd\320\034rK\257\024\231\324\'A"
    dst_address: "<\371>\274/*n\320\274\026\023\262\302\344\212^"
    src_port: 17059
    dst_port: 60273
    proto: 6
    tenant_id: 20
    flow_start_time: 1388563200164248
    key_type: IPV6
  }
  start_time: 1388563200164248
  ip_info {
    qos: 0
  }
  flow_features {
    packet_count: 1
  }
  end_time: 1388563200164248
}
flow_info {
  key {
    src_address: "*\335\221\264#\237`!\027Y\330;\304zG\215"
    dst_address: "\036\203\002\037\362\311\336\264\356\326v\300}\207<\036"
    src_port: 22142
    dst_port: 34220
    proto: 6
    tenant_id: 10
    flow_start_time: 1388563200187712
    key_type: IPV6
  }
  start_time: 1388563200187712
  ip_info {
    last_cached_ttl: 8
    qos: 0
  }
  tcp_info {
    sequence_num: 80
    null_flags: 1
    syn_fin_rst_ack_all_zero: 1
    option_len_bins {
    }
  }
  flow_features {
    packet_count: 1
  }
  end_time: 1388563200187712
}
flow_info {
  key {
    src_address: "\352_Y\\z\tze\rE$1\024nF&"
    dst_address: "\246O\347\0222\376\214lE\n\206\215\353\364z\320"
    src_port: 25278
    dst_port: 15122
    proto: 6
    tenant_id: 20
    flow_start_time: 1388563200211176
    key_type: IPV6
  }
  start_time: 1388563200211176
  ip_info {
    qos: 0
  }
  flow_features {
    packet_count: 1
  }
  end_time: 1388563200211176
}
flow_info {
  key {
    src_address: "\354\377)\013Wd\320\034rK\257\024\231\324\'A"
    dst_address: "\025\230\217\301\255\377c\245MzF\321$B\032\355"
    src_port: 839
    dst_port: 33109
    proto: 6
    tenant_id: 10
    flow_start_time: 1388563200212176
    key_type: IPV6
  }
  start_time: 1388563200212176
  ip_info {
    last_cached_ttl: 8
    qos: 0
  }
  tcp_info {
    sequence_num: 100
    null_flags: 1
    syn_fin_rst_ack_all_zero: 1
    option_len_bins {
    }
  }
  flow_features {
    packet_count: 1
  }
  end_time: 1388563200212176
}
flow_info {
  key {
    src_address: "*\335\221\264#\237`!\027Y\330;\304zG\215"
    dst_address: "\\\237\3459h\306?\n\227\254\315\256 @\372E"
    src_port: 32933
    dst_port: 43587
    proto: 6
    tenant_id: 20
    flow_start_time: 1388563200235640
    key_type: IPV6
  }
  start_time: 1388563200235640
  ip_info {
    qos: 0
  }
  flow_features {
    packet_count: 1
  }
  end_time: 1388563200235640
}
flow_info {
  key {
    src_address: "\352_Y\\z\tze\rE$1\024nF&"
    dst_address: "<\371>\274/*n\320\274\026\023\262\302\344\212^"
    src_port: 41369
    dst_port: 32699
    proto: 6
    tenant_id: 10
    flow_start_time: 1388563200259104
    key_type: IPV6
  }
  start_time: 1388563200259104
  ip_info {
    last_cached_ttl: 8
    qos: 0
  }
  tcp_info {
    sequence_num: 120
    null_flags: 1
    syn_fin_rst_ack_all_zero: 1
    option_len_bins {
    }
  }
  flow_features {
    packet_count: 1
  }
  end_time: 1388563200259104
}
flow_info {
  key {
    src_address: "\354\377)\013Wd\320\034rK\257\024\231\324\'A"
    dst_address: "\036\203\002\037\362\311\336\264\356\326v\300}\207<\036"
    src_port: 40544
    dst_port: 45283
    proto: 6
    tenant_id: 20
    flow_start_time: 1388563200282568
    key_type: IPV6
  }
  start_time: 1388563200282568
  ip_info {
    qos: 0
  }
  flow_features {
    packet_count: 1
  }
  end_time: 1388563200282568
}
flow_info {
  key {
    src_address: "*\335\221\264#\237`!\027Y\330;\304zG\215"
    dst_address: "\246O\347\0222\376\214lE\n\206\215\353\364z\320"
    src_port: 17059
    dst_port: 49290
    proto: 6
    tenant_id: 10
    flow_start_time: 1388563200306032
    key_type: IPV6
  }
  start_time: 1388563200306032
  ip_info {
    last_cached_ttl: 8
    qos: 0
  }
  tcp_info {
    sequence_num: 140
    null_flags: 1
    syn_fin_rst_ack_all_zero: 1
    option_len_bins {
    }
  }
  flow_features {
    packet_count: 1
  }
  end_time: 1388563200306032
}
flow_info {
  key {
    src_address: "\352_Y\\z\tze\rE$1\024nF&"
    dst_address: "\025\230\217\301\255\377c\245MzF\321$B\032\355"
    src_port: 22142
    dst_port: 12264
    proto: 6
    tenant_id: 20
    flow_start_time: 1388563200329496
    key_type: IPV6
  }
  start_time: 1388563200329496
  ip_info {
    qos: 0
  }
  flow_features {
    packet_count: 1
  }
  end_time: 1388563200329496
}
flow_info {
  key {
    src_address: "\354\377)\013Wd\320\034rK\257\024\231\324\'A"
    dst_address: "\\\237\3459h\306?\n\227\254\315\256 @\372E"
    src_port: 25278
    dst_port: 63337
    proto: 6
    tenant_id: 10
    flow_start_time: 1388563200352960
    key_type: IPV6
  }
  start_time: 1388563200352960
  ip_info {
    last_cached_ttl: 8
    qos: 0
  }
  tcp_info {
    sequence_num: 160
    null_flags: 1
    syn_fin_rst_ack_all_zero: 1
    option_len_bins {
    }
  }
  flow_features {
    packet_count: 1
  }
  end_time: 1388563200352960
}
flow_info {
  key {
    src_address: "*\335\221\264#\237`!\027Y\330;\304zG\215"
    dst_address: "<\371>\274/*n\320\274\026\023\262\302\344\212^"
    src_port: 839
    dst_port: 40544
    proto: 6
    tenant_id: 20
    flow_start_time: 1388563200376424
    key_type: IPV6
  }
  start_time: 1388563200376424
  ip_info {
    qos: 0
  }
  flow_features {
    packet_count: 1
  }
  end_time: 1388563200376424
}
flow_info {
  key {
    src_address: "\352_Y\\z\tze\rE$1\024nF&"
    dst_address: "\036\203\002\037\362\311\336\264\356\326v\300}\207<\036"
    src_port: 32933
    dst_port: 60273
    proto: 6
    tenant_id: 10
    flow_start_time: 1388563200399888
    key_type: IPV6
  }
  start_time: 1388563200399888
  ip_info {
    last_cached_ttl: 8
    qos: 0
  }
  tcp_info {
    sequence_num: 180
    null_flags: 1
    syn_fin_rst_ack_all_zero: 1
    option_len_bins {
    }
  }
  flow_features {
    packet_count: 1
  }
  end_time: 1388563200399888
}
flow_info {
  key {
    src_address: "\354\377)\013Wd\320\034rK\257\024\231\324\'A"
    dst_address: "\246O\347\0222\376\214lE\n\206\215\353\364z\320"
    src_port: 41369
    dst_port: 34220
    proto: 6
    tenant_id: 20
    flow_start_time: 1388563200423352
    key_type: IPV6
  }
  start_time: 1388563200423352
  ip_info {
    qos: 0
  }
  flow_features {
    packet_count: 1
  }
  end_time: 1388563200423352
}
