flow_info {
  key {
    src_address: "\001\002\003\004"
    dst_address: "\005\006\007\010"
    src_port: 111
    dst_port: 222
    proto: 6
    tenant_id: 10
    flow_start_time: 1388563200010000
    key_type: IPV4
  }
  start_time: 1388563200010000
  ip_info {
    last_cached_ttl: 8
    qos: 0
  }
  tcp_info {
    sequence_num: 0
    null_flags: 1
    syn_fin_rst_ack_all_zero: 1
    option_len_bins {
    }
  }
  flow_features {
    packet_count: 1
  }
  end_time: 1388563200010000
}
flow_info {
  key {
    src_address: "\001\002\003\004"
    dst_address: "\005\006\007\010"
    src_port: 111
    dst_port: 222
    proto: 6
    tenant_id: 10
    flow_start_time: 1388563200010000
    key_type: IPV4
  }
  start_time: 1388563200110000
  ip_info {
    last_cached_ttl: 8
    qos: 0
  }
  tcp_info {
    sequence_num: 10
    null_flags: 1
    syn_fin_rst_ack_all_zero: 1
    option_len_bins {
    }
  }
  flow_features {
    packet_count: 1
  }
  end_time: 1388563200110000
}
flow_info {
  key {
    src_address: "\001\002\003\004"
    dst_address: "\005\006\007\010"
    src_port: 111
    dst_port: 222
    proto: 6
    tenant_id: 10
    flow_start_time: 1388563200010000
    key_type: IPV4
  }
  start_time: 1388563200210000
  ip_info {
    last_cached_ttl: 8
    qos: 0
  }
  tcp_info {
    sequence_num: 20
    null_flags: 1
    syn_fin_rst_ack_all_zero: 1
    option_len_bins {
    }
  }
  flow_features {
    packet_count: 1
  }
  end_time: 1388563200210000
}
flow_info {
  key {
    src_address: "\001\002\003\004"
    dst_address: "\005\006\007\010"
    src_port: 111
    dst_port: 222
    proto: 6
    tenant_id: 10
    flow_start_time: 1388563200010000
    key_type: IPV4
  }
  start_time: 1388563200310000
  ip_info {
    last_cached_ttl: 8
    qos: 0
  }
  tcp_info {
    sequence_num: 30
    null_flags: 1
    syn_fin_rst_ack_all_zero: 1
    option_len_bins {
    }
  }
  flow_features {
    packet_count: 1
  }
  end_time: 1388563200310000
}
flow_info {
  key {
    src_address: "\001\002\003\004"
    dst_address: "\005\006\007\010"
    src_port: 111
    dst_port: 222
    proto: 6
    tenant_id: 10
    flow_start_time: 1388563200010000
    key_type: IPV4
  }
  start_time: 1388563200410000
  ip_info {
    last_cached_ttl: 8
    qos: 0
  }
  tcp_info {
    sequence_num: 40
    null_flags: 1
    syn_fin_rst_ack_all_zero: 1
    option_len_bins {
    }
  }
  flow_features {
    packet_count: 1
  }
  end_time: 1388563200410000
}
flow_info {
  key {
    src_address: "\001\002\003\004"
    dst_address: "\005\006\007\010"
    src_port: 111
    dst_port: 222
    proto: 6
    tenant_id: 10
    flow_start_time: 1388563200010000
    key_type: IPV4
  }
  start_time: 1388563200510000
  ip_info {
    last_cached_ttl: 8
    qos: 0
  }
  tcp_info {
    sequence_num: 50
    null_flags: 1
    syn_fin_rst_ack_all_zero: 1
    option_len_bins {
    }
  }
  flow_features {
    packet_count: 1
  }
  end_time: 1388563200510000
}
flow_info {
  key {
    src_address: "\001\002\003\004"
    dst_address: "\005\006\007\010"
    src_port: 111
    dst_port: 222
    proto: 6
    tenant_id: 10
    flow_start_time: 1388563200010000
    key_type: IPV4
  }
  start_time: 1388563200610000
  ip_info {
    last_cached_ttl: 8
    qos: 0
  }
  tcp_info {
    sequence_num: 60
    null_flags: 1
    syn_fin_rst_ack_all_zero: 1
    option_len_bins {
    }
  }
  flow_features {
    packet_count: 1
  }
  end_time: 1388563200610000
}
flow_info {
  key {
    src_address: "\001\002\003\004"
    dst_address: "\005\006\007\010"
    src_port: 111
    dst_port: 222
    proto: 6
    tenant_id: 10
    flow_start_time: 1388563200010000
    key_type: IPV4
  }
  start_time: 1388563200710000
  ip_info {
    last_cached_ttl: 8
    qos: 0
  }
  tcp_info {
    sequence_num: 70
    null_flags: 1
    syn_fin_rst_ack_all_zero: 1
    option_len_bins {
    }
  }
  flow_features {
    packet_count: 1
  }
  end_time: 1388563200710000
}
flow_info {
  key {
    src_address: "\001\002\003\004"
    dst_address: "\005\006\007\010"
    src_port: 111
    dst_port: 222
    proto: 6
    tenant_id: 10
    flow_start_time: 1388563200010000
    key_type: IPV4
  }
  start_time: 1388563200810000
  ip_info {
    last_cached_ttl: 8
    qos: 0
  }
  tcp_info {
    sequence_num: 80
    null_flags: 1
    syn_fin_rst_ack_all_zero: 1
    option_len_bins {
    }
  }
  flow_features {
    packet_count: 1
  }
  end_time: 1388563200810000
}
flow_info {
  key {
    src_address: "\001\002\003\004"
    dst_address: "\005\006\007\010"
    src_port: 111
    dst_port: 222
    proto: 6
    tenant_id: 10
    flow_start_time: 1388563200010000
    key_type: IPV4
  }
  start_time: 1388563200910000
  ip_info {
    last_cached_ttl: 8
    qos: 0
  }
  tcp_info {
    sequence_num: 100
    null_flags: 1
    syn_fin_rst_ack_all_zero: 1
    option_len_bins {
    }
  }
  flow_features {
    packet_count: 2
  }
  end_time: 1388563200911000
}
flow_info {
  key {
    src_address: "\001\002\003\004"
    dst_address: "\005\006\007\010"
    src_port: 111
    dst_port: 222
    proto: 6
    tenant_id: 10
    flow_start_time: 1388563200010000
    key_type: IPV4
  }
  start_time: 1388563201011000
  ip_info {
    last_cached_ttl: 8
    qos: 0
  }
  tcp_info {
    sequence_num: 110
    null_flags: 1
    syn_fin_rst_ack_all_zero: 1
    option_len_bins {
    }
  }
  flow_features {
    packet_count: 1
  }
  end_time: 1388563201011000
}
flow_info {
  key {
    src_address: "\001\002\003\004"
    dst_address: "\005\006\007\010"
    src_port: 111
    dst_port: 222
    proto: 6
    tenant_id: 10
    flow_start_time: 1388563200010000
    key_type: IPV4
  }
  start_time: 1388563201111000
  ip_info {
    last_cached_ttl: 8
    qos: 0
  }
  tcp_info {
    sequence_num: 120
    null_flags: 1
    syn_fin_rst_ack_all_zero: 1
    option_len_bins {
    }
  }
  flow_features {
    packet_count: 1
  }
  end_time: 1388563201111000
}
flow_info {
  key {
    src_address: "\001\002\003\004"
    dst_address: "\005\006\007\010"
    src_port: 111
    dst_port: 222
    proto: 6
    tenant_id: 10
    flow_start_time: 1388563200010000
    key_type: IPV4
  }
  start_time: 1388563201211000
  ip_info {
    last_cached_ttl: 8
    qos: 0
  }
  tcp_info {
    sequence_num: 130
    null_flags: 1
    syn_fin_rst_ack_all_zero: 1
    option_len_bins {
    }
  }
  flow_features {
    packet_count: 1
  }
  end_time: 1388563201211000
}
flow_info {
  key {
    src_address: "\001\002\003\004"
    dst_address: "\005\006\007\010"
    src_port: 111
    dst_port: 222
    proto: 6
    tenant_id: 10
    flow_start_time: 1388563200010000
    key_type: IPV4
  }
  start_time: 1388563201311000
  ip_info {
    last_cached_ttl: 8
    qos: 0
  }
  tcp_info {
    sequence_num: 140
    null_flags: 1
    syn_fin_rst_ack_all_zero: 1
    option_len_bins {
    }
  }
  flow_features {
    packet_count: 1
  }
  end_time: 1388563201311000
}
flow_info {
  key {
    src_address: "\001\002\003\004"
    dst_address: "\005\006\007\010"
    src_port: 111
    dst_port: 222
    proto: 6
    tenant_id: 10
    flow_start_time: 1388563200010000
    key_type: IPV4
  }
  start_time: 1388563201411000
  ip_info {
    last_cached_ttl: 8
    qos: 0
  }
  tcp_info {
    sequence_num: 150
    null_flags: 1
    syn_fin_rst_ack_all_zero: 1
    option_len_bins {
    }
  }
  flow_features {
    packet_count: 1
  }
  end_time: 1388563201411000
}
flow_info {
  key {
    src_address: "\001\002\003\004"
    dst_address: "\005\006\007\010"
    src_port: 111
    dst_port: 222
    proto: 6
    tenant_id: 10
    flow_start_time: 1388563200010000
    key_type: IPV4
  }
  start_time: 1388563201511000
  ip_info {
    last_cached_ttl: 8
    qos: 0
  }
  tcp_info {
    sequence_num: 160
    null_flags: 1
    syn_fin_rst_ack_all_zero: 1
    option_len_bins {
    }
  }
  flow_features {
    packet_count: 1
  }
  end_time: 1388563201511000
}
flow_info {
  key {
    src_address: "\001\002\003\004"
    dst_address: "\005\006\007\010"
    src_port: 111
    dst_port: 222
    proto: 6
    tenant_id: 10
    flow_start_time: 1388563200010000
    key_type: IPV4
  }
  start_time: 1388563201611000
  ip_info {
    last_cached_ttl: 8
    qos: 0
  }
  tcp_info {
    sequence_num: 170
    null_flags: 1
    syn_fin_rst_ack_all_zero: 1
    option_len_bins {
    }
  }
  flow_features {
    packet_count: 1
  }
  end_time: 1388563201611000
}
flow_info {
  key {
    src_address: "\001\002\003\004"
    dst_address: "\005\006\007\010"
    src_port: 111
    dst_port: 222
    proto: 6
    tenant_id: 10
    flow_start_time: 1388563200010000
    key_type: IPV4
  }
  start_time: 1388563201711000
  ip_info {
    last_cached_ttl: 8
    qos: 0
  }
  tcp_info {
    sequence_num: 180
    null_flags: 1
    syn_fin_rst_ack_all_zero: 1
    option_len_bins {
    }
  }
  flow_features {
    packet_count: 1
  }
  end_time: 1388563201711000
}
flow_info {
  key {
    src_address: "\001\002\003\004"
    dst_address: "\005\006\007\010"
    src_port: 111
    dst_port: 222
    proto: 6
    tenant_id: 10
    flow_start_time: 1388563200010000
    key_type: IPV4
  }
  start_time: 1388563201811000
  ip_info {
    last_cached_ttl: 8
    qos: 0
  }
  tcp_info {
    sequence_num: 200
    null_flags: 1
    syn_fin_rst_ack_all_zero: 1
    option_len_bins {
    }
  }
  flow_features {
    packet_count: 2
  }
  end_time: 1388563201812000
}
flow_info {
  key {
    src_address: "\001\002\003\004"
    dst_address: "\005\006\007\010"
    src_port: 111
    dst_port: 222
    proto: 6
    tenant_id: 10
    flow_start_time: 1388563200010000
    key_type: IPV4
  }
  start_time: 1388563201912000
  ip_info {
    last_cached_ttl: 8
    qos: 0
  }
  tcp_info {
    sequence_num: 210
    null_flags: 1
    syn_fin_rst_ack_all_zero: 1
    option_len_bins {
    }
  }
  flow_features {
    packet_count: 1
  }
  end_time: 1388563201912000
}
flow_info {
  key {
    src_address: "\001\002\003\004"
    dst_address: "\005\006\007\010"
    src_port: 111
    dst_port: 222
    proto: 6
    tenant_id: 10
    flow_start_time: 1388563200010000
    key_type: IPV4
  }
  start_time: 1388563202012000
  ip_info {
    last_cached_ttl: 8
    qos: 0
  }
  tcp_info {
    sequence_num: 220
    null_flags: 1
    syn_fin_rst_ack_all_zero: 1
    option_len_bins {
    }
  }
  flow_features {
    packet_count: 1
  }
  end_time: 1388563202012000
}
flow_info {
  key {
    src_address: "\001\002\003\004"
    dst_address: "\005\006\007\010"
    src_port: 111
    dst_port: 222
    proto: 6
    tenant_id: 10
    flow_start_time: 1388563200010000
    key_type: IPV4
  }
  start_time: 1388563202112000
  ip_info {
    last_cached_ttl: 8
    qos: 0
  }
  tcp_info {
    sequence_num: 230
    null_flags: 1
    syn_fin_rst_ack_all_zero: 1
    option_len_bins {
    }
  }
  flow_features {
    packet_count: 1
  }
  end_time: 1388563202112000
}
flow_info {
  key {
    src_address: "\001\002\003\004"
    dst_address: "\005\006\007\010"
    src_port: 111
    dst_port: 222
    proto: 6
    tenant_id: 10
    flow_start_time: 1388563200010000
    key_type: IPV4
  }
  start_time: 1388563202212000
  ip_info {
    last_cached_ttl: 8
    qos: 0
  }
  tcp_info {
    sequence_num: 240
    null_flags: 1
    syn_fin_rst_ack_all_zero: 1
    option_len_bins {
    }
  }
  flow_features {
    packet_count: 1
  }
  end_time: 1388563202212000
}
flow_info {
  key {
    src_address: "\001\002\003\004"
    dst_address: "\005\006\007\010"
    src_port: 111
    dst_port: 222
    proto: 6
    tenant_id: 10
    flow_start_time: 1388563200010000
    key_type: IPV4
  }
  start_time: 1388563202312000
  ip_info {
    last_cached_ttl: 8
    qos: 0
  }
  tcp_info {
    sequence_num: 250
    null_flags: 1
    syn_fin_rst_ack_all_zero: 1
    option_len_bins {
    }
  }
  flow_features {
    packet_count: 1
  }
  end_time: 1388563202312000
}
flow_info {
  key {
    src_address: "\001\002\003\004"
    dst_address: "\005\006\007\010"
    src_port: 111
    dst_port: 222
    proto: 6
    tenant_id: 10
    flow_start_time: 1388563200010000
    key_type: IPV4
  }
  start_time: 1388563202412000
  ip_info {
    last_cached_ttl: 8
    qos: 0
  }
  tcp_info {
    sequence_num: 260
    null_flags: 1
    syn_fin_rst_ack_all_zero: 1
    option_len_bins {
    }
  }
  flow_features {
    packet_count: 1
  }
  end_time: 1388563202412000
}
flow_info {
  key {
    src_address: "\001\002\003\004"
    dst_address: "\005\006\007\010"
    src_port: 111
    dst_port: 222
    proto: 6
    tenant_id: 10
    flow_start_time: 1388563200010000
    key_type: IPV4
  }
  start_time: 1388563202512000
  ip_info {
    last_cached_ttl: 8
    qos: 0
  }
  tcp_info {
    sequence_num: 270
    null_flags: 1
    syn_fin_rst_ack_all_zero: 1
    option_len_bins {
    }
  }
  flow_features {
    packet_count: 1
  }
  end_time: 1388563202512000
}
flow_info {
  key {
    src_address: "\001\002\003\004"
    dst_address: "\005\006\007\010"
    src_port: 111
    dst_port: 222
    proto: 6
    tenant_id: 10
    flow_start_time: 1388563200010000
    key_type: IPV4
  }
  start_time: 1388563202612000
  ip_info {
    last_cached_ttl: 8
    qos: 0
  }
  tcp_info {
    sequence_num: 280
    null_flags: 1
    syn_fin_rst_ack_all_zero: 1
    option_len_bins {
    }
  }
  flow_features {
    packet_count: 1
  }
  end_time: 1388563202612000
}
flow_info {
  key {
    src_address: "\001\002\003\004"
    dst_address: "\005\006\007\010"
    src_port: 111
    dst_port: 222
    proto: 6
    tenant_id: 10
    flow_start_time: 1388563200010000
    key_type: IPV4
  }
  start_time: 1388563202712000
  ip_info {
    last_cached_ttl: 8
    qos: 0
  }
  tcp_info {
    sequence_num: 300
    null_flags: 1
    syn_fin_rst_ack_all_zero: 1
    option_len_bins {
    }
  }
  flow_features {
    packet_count: 2
  }
  end_time: 1388563202713000
}
flow_info {
  key {
    src_address: "\001\002\003\004"
    dst_address: "\005\006\007\010"
    src_port: 111
    dst_port: 222
    proto: 6
    tenant_id: 10
    flow_start_time: 1388563200010000
    key_type: IPV4
  }
  start_time: 1388563202813000
  ip_info {
    last_cached_ttl: 8
    qos: 0
  }
  tcp_info {
    sequence_num: 310
    null_flags: 1
    syn_fin_rst_ack_all_zero: 1
    option_len_bins {
    }
  }
  flow_features {
    packet_count: 1
  }
  end_time: 1388563202813000
}
flow_info {
  key {
    src_address: "\001\002\003\004"
    dst_address: "\005\006\007\010"
    src_port: 111
    dst_port: 222
    proto: 6
    tenant_id: 10
    flow_start_time: 1388563200010000
    key_type: IPV4
  }
  start_time: 1388563202913000
  ip_info {
    last_cached_ttl: 8
    qos: 0
  }
  tcp_info {
    sequence_num: 320
    null_flags: 1
    syn_fin_rst_ack_all_zero: 1
    option_len_bins {
    }
  }
  flow_features {
    packet_count: 1
  }
  end_time: 1388563202913000
}
flow_info {
  key {
    src_address: "\001\002\003\004"
    dst_address: "\005\006\007\010"
    src_port: 111
    dst_port: 222
    proto: 6
    tenant_id: 10
    flow_start_time: 1388563200010000
    key_type: IPV4
  }
  start_time: 1388563203013000
  ip_info {
    last_cached_ttl: 8
    qos: 0
  }
  tcp_info {
    sequence_num: 330
    null_flags: 1
    syn_fin_rst_ack_all_zero: 1
    option_len_bins {
    }
  }
  flow_features {
    packet_count: 1
  }
  end_time: 1388563203013000
}
flow_info {
  key {
    src_address: "\001\002\003\004"
    dst_address: "\005\006\007\010"
    src_port: 111
    dst_port: 222
    proto: 6
    tenant_id: 10
    flow_start_time: 1388563200010000
    key_type: IPV4
  }
  start_time: 1388563203113000
  ip_info {
    last_cached_ttl: 8
    qos: 0
  }
  tcp_info {
    sequence_num: 340
    null_flags: 1
    syn_fin_rst_ack_all_zero: 1
    option_len_bins {
    }
  }
  flow_features {
    packet_count: 1
  }
  end_time: 1388563203113000
}
flow_info {
  key {
    src_address: "\001\002\003\004"
    dst_address: "\005\006\007\010"
    src_port: 111
    dst_port: 222
    proto: 6
    tenant_id: 10
    flow_start_time: 1388563200010000
    key_type: IPV4
  }
  start_time: 1388563203213000
  ip_info {
    last_cached_ttl: 8
    qos: 0
  }
  tcp_info {
    sequence_num: 350
    null_flags: 1
    syn_fin_rst_ack_all_zero: 1
    option_len_bins {
    }
  }
  flow_features {
    packet_count: 1
  }
  end_time: 1388563203213000
}
flow_info {
  key {
    src_address: "\001\002\003\004"
    dst_address: "\005\006\007\010"
    src_port: 111
    dst_port: 222
    proto: 6
    tenant_id: 10
    flow_start_time: 1388563200010000
    key_type: IPV4
  }
  start_time: 1388563203313000
  ip_info {
    last_cached_ttl: 8
    qos: 0
  }
  tcp_info {
    sequence_num: 360
    null_flags: 1
    syn_fin_rst_ack_all_zero: 1
    option_len_bins {
    }
  }
  flow_features {
    packet_count: 1
  }
  end_time: 1388563203313000
}
flow_info {
  key {
    src_address: "\001\002\003\004"
    dst_address: "\005\006\007\010"
    src_port: 111
    dst_port: 222
    proto: 6
    tenant_id: 10
    flow_start_time: 1388563200010000
    key_type: IPV4
  }
  start_time: 1388563203413000
  ip_info {
    last_cached_ttl: 8
    qos: 0
  }
  tcp_info {
    sequence_num: 370
    null_flags: 1
    syn_fin_rst_ack_all_zero: 1
    option_len_bins {
    }
  }
  flow_features {
    packet_count: 1
  }
  end_time: 1388563203413000
}
flow_info {
  key {
    src_address: "\001\002\003\004"
    dst_address: "\005\006\007\010"
    src_port: 111
    dst_port: 222
    proto: 6
    tenant_id: 10
    flow_start_time: 1388563200010000
    key_type: IPV4
  }
  start_time: 1388563203513000
  ip_info {
    last_cached_ttl: 8
    qos: 0
  }
  tcp_info {
    sequence_num: 380
    null_flags: 1
    syn_fin_rst_ack_all_zero: 1
    option_len_bins {
    }
  }
  flow_features {
    packet_count: 1
  }
  end_time: 1388563203513000
}
flow_info {
  key {
    src_address: "\001\002\003\004"
    dst_address: "\005\006\007\010"
    src_port: 111
    dst_port: 222
    proto: 6
    tenant_id: 10
    flow_start_time: 1388563200010000
    key_type: IPV4
  }
  start_time: 1388563203613000
  ip_info {
    last_cached_ttl: 8
    qos: 0
  }
  tcp_info {
    sequence_num: 400
    null_flags: 1
    syn_fin_rst_ack_all_zero: 1
    option_len_bins {
    }
  }
  flow_features {
    packet_count: 2
  }
  end_time: 1388563203614000
}
flow_info {
  key {
    src_address: "\001\002\003\004"
    dst_address: "\005\006\007\010"
    src_port: 111
    dst_port: 222
    proto: 6
    tenant_id: 10
    flow_start_time: 1388563200010000
    key_type: IPV4
  }
  start_time: 1388563203714000
  ip_info {
    last_cached_ttl: 8
    qos: 0
  }
  tcp_info {
    sequence_num: 410
    null_flags: 1
    syn_fin_rst_ack_all_zero: 1
    option_len_bins {
    }
  }
  flow_features {
    packet_count: 1
  }
  end_time: 1388563203714000
}
flow_info {
  key {
    src_address: "\001\002\003\004"
    dst_address: "\005\006\007\010"
    src_port: 111
    dst_port: 222
    proto: 6
    tenant_id: 10
    flow_start_time: 1388563200010000
    key_type: IPV4
  }
  start_time: 1388563203814000
  ip_info {
    last_cached_ttl: 8
    qos: 0
  }
  tcp_info {
    sequence_num: 420
    null_flags: 1
    syn_fin_rst_ack_all_zero: 1
    option_len_bins {
    }
  }
  flow_features {
    packet_count: 1
  }
  end_time: 1388563203814000
}
flow_info {
  key {
    src_address: "\001\002\003\004"
    dst_address: "\005\006\007\010"
    src_port: 111
    dst_port: 222
    proto: 6
    tenant_id: 10
    flow_start_time: 1388563200010000
    key_type: IPV4
  }
  start_time: 1388563203914000
  ip_info {
    last_cached_ttl: 8
    qos: 0
  }
  tcp_info {
    sequence_num: 430
    null_flags: 1
    syn_fin_rst_ack_all_zero: 1
    option_len_bins {
    }
  }
  flow_features {
    packet_count: 1
  }
  end_time: 1388563203914000
}
flow_info {
  key {
    src_address: "\001\002\003\004"
    dst_address: "\005\006\007\010"
    src_port: 111
    dst_port: 222
    proto: 6
    tenant_id: 10
    flow_start_time: 1388563200010000
    key_type: IPV4
  }
  start_time: 1388563204014000
  ip_info {
    last_cached_ttl: 8
    qos: 0
  }
  tcp_info {
    sequence_num: 440
    null_flags: 1
    syn_fin_rst_ack_all_zero: 1
    option_len_bins {
    }
  }
  flow_features {
    packet_count: 1
  }
  end_time: 1388563204014000
}
flow_info {
  key {
    src_address: "\001\002\003\004"
    dst_address: "\005\006\007\010"
    src_port: 111
    dst_port: 222
    proto: 6
    tenant_id: 10
    flow_start_time: 1388563200010000
    key_type: IPV4
  }
  start_time: 1388563204114000
  ip_info {
    last_cached_ttl: 8
    qos: 0
  }
  tcp_info {
    sequence_num: 450
    null_flags: 1
    syn_fin_rst_ack_all_zero: 1
    option_len_bins {
    }
  }
  flow_features {
    packet_count: 1
  }
  end_time: 1388563204114000
}
flow_info {
  key {
    src_address: "\001\002\003\004"
    dst_address: "\005\006\007\010"
    src_port: 111
    dst_port: 222
    proto: 6
    tenant_id: 10
    flow_start_time: 1388563200010000
    key_type: IPV4
  }
  start_time: 1388563204214000
  ip_info {
    last_cached_ttl: 8
    qos: 0
  }
  tcp_info {
    sequence_num: 460
    null_flags: 1
    syn_fin_rst_ack_all_zero: 1
    option_len_bins {
    }
  }
  flow_features {
    packet_count: 1
  }
  end_time: 1388563204214000
}
flow_info {
  key {
    src_address: "\001\002\003\004"
    dst_address: "\005\006\007\010"
    src_port: 111
    dst_port: 222
    proto: 6
    tenant_id: 10
    flow_start_time: 1388563200010000
    key_type: IPV4
  }
  start_time: 1388563204314000
  ip_info {
    last_cached_ttl: 8
    qos: 0
  }
  tcp_info {
    sequence_num: 470
    null_flags: 1
    syn_fin_rst_ack_all_zero: 1
    option_len_bins {
    }
  }
  flow_features {
    packet_count: 1
  }
  end_time: 1388563204314000
}
flow_info {
  key {
    src_address: "\001\002\003\004"
    dst_address: "\005\006\007\010"
    src_port: 111
    dst_port: 222
    proto: 6
    tenant_id: 10
    flow_start_time: 1388563200010000
    key_type: IPV4
  }
  start_time: 1388563204414000
  ip_info {
    last_cached_ttl: 8
    qos: 0
  }
  tcp_info {
    sequence_num: 480
    null_flags: 1
    syn_fin_rst_ack_all_zero: 1
    option_len_bins {
    }
  }
  flow_features {
    packet_count: 1
  }
  end_time: 1388563204414000
}
flow_info {
  key {
    src_address: "\001\002\003\004"
    dst_address: "\005\006\007\010"
    src_port: 111
    dst_port: 222
    proto: 6
    tenant_id: 10
    flow_start_time: 1388563200010000
    key_type: IPV4
  }
  start_time: 1388563204514000
  ip_info {
    last_cached_ttl: 8
    qos: 0
  }
  tcp_info {
    sequence_num: 490
    null_flags: 1
    syn_fin_rst_ack_all_zero: 1
    option_len_bins {
    }
  }
  flow_features {
    packet_count: 1
  }
  end_time: 1388563204514000
}
