flow_info {
  key {
    src_address: "\001\002\003\000"
    dst_address: "\005\006\007\000"
    src_port: 1561
    dst_port: 222
    proto: 6
    tenant_id: 10
    flow_start_time: 1388563200000000
    key_type: IPV4
  }
  start_time: 1388563200000000
  ip_info {
    last_cached_ttl: 8
    qos: 0
  }
  tcp_info {
    sequence_num: 240
    null_flags: 1
    syn_fin_rst_ack_all_zero: 1
    option_len_bins {
    }
  }
  flow_features {
    packet_count: 3
  }
  end_time: 1388563200050110
}
flow_info {
  key {
    src_address: "\001\002\003\001"
    dst_address: "\005\006\007\001"
    src_port: 1060
    dst_port: 222
    proto: 6
    tenant_id: 20
    flow_start_time: 1388563200000010
    key_type: IPV4
  }
  start_time: 1388563200000010
  ip_info {
    qos: 0
  }
  flow_features {
    packet_count: 3
  }
  end_time: 1388563200050120
}
flow_info {
  key {
    src_address: "\001\002\003\002"
    dst_address: "\005\006\007\002"
    src_port: 1673
    dst_port: 222
    proto: 6
    tenant_id: 10
    flow_start_time: 1388563200000020
    key_type: IPV4
  }
  start_time: 1388563200000020
  ip_info {
    last_cached_ttl: 8
    qos: 0
  }
  tcp_info {
    sequence_num: 140
    null_flags: 1
    syn_fin_rst_ack_all_zero: 1
    option_len_bins {
    }
  }
  flow_features {
    packet_count: 2
  }
  end_time: 1388563200050010
}
flow_info {
  key {
    src_address: "\001\002\003\003"
    dst_address: "\005\006\007\000"
    src_port: 3418
    dst_port: 222
    proto: 6
    tenant_id: 20
    flow_start_time: 1388563200000030
    key_type: IPV4
  }
  start_time: 1388563200000030
  ip_info {
    qos: 0
  }
  flow_features {
    packet_count: 2
  }
  end_time: 1388563200050020
}
flow_info {
  key {
    src_address: "\001\002\003\000"
    dst_address: "\005\006\007\001"
    src_port: 323
    dst_port: 222
    proto: 6
    tenant_id: 10
    flow_start_time: 1388563200000040
    key_type: IPV4
  }
  start_time: 1388563200000040
  ip_info {
    last_cached_ttl: 8
    qos: 0
  }
  tcp_info {
    sequence_num: 160
    null_flags: 1
    syn_fin_rst_ack_all_zero: 1
    option_len_bins {
    }
  }
  flow_features {
    packet_count: 2
  }
  end_time: 1388563200050030
}
flow_info {
  key {
    src_address: "\001\002\003\001"
    dst_address: "\005\006\007\002"
    src_port: 3530
    dst_port: 222
    proto: 6
    tenant_id: 20
    flow_start_time: 1388563200000050
    key_type: IPV4
  }
  start_time: 1388563200000050
  ip_info {
    qos: 0
  }
  flow_features {
    packet_count: 2
  }
  end_time: 1388563200050040
}
flow_info {
  key {
    src_address: "\001\002\003\002"
    dst_address: "\005\006\007\000"
    src_port: 2109
    dst_port: 222
    proto: 6
    tenant_id: 10
    flow_start_time: 1388563200000060
    key_type: IPV4
  }
  start_time: 1388563200000060
  ip_info {
    last_cached_ttl: 8
    qos: 0
  }
  tcp_info {
    sequence_num: 180
    null_flags: 1
    syn_fin_rst_ack_all_zero: 1
    option_len_bins {
    }
  }
  flow_features {
    packet_count: 2
  }
  end_time: 1388563200050050
}
flow_info {
  key {
    src_address: "\001\002\003\003"
    dst_address: "\005\006\007\001"
    src_port: 2560
    dst_port: 222
    proto: 6
    tenant_id: 20
    flow_start_time: 1388563200000070
    key_type: IPV4
  }
  start_time: 1388563200000070
  ip_info {
    qos: 0
  }
  flow_features {
    packet_count: 2
  }
  end_time: 1388563200050060
}
flow_info {
  key {
    src_address: "\001\002\003\000"
    dst_address: "\005\006\007\002"
    src_port: 2221
    dst_port: 222
    proto: 6
    tenant_id: 10
    flow_start_time: 1388563200000080
    key_type: IPV4
  }
  start_time: 1388563200000080
  ip_info {
    last_cached_ttl: 8
    qos: 0
  }
  tcp_info {
    sequence_num: 200
    null_flags: 1
    syn_fin_rst_ack_all_zero: 1
    option_len_bins {
    }
  }
  flow_features {
    packet_count: 2
  }
  end_time: 1388563200050070
}
flow_info {
  key {
    src_address: "\001\002\003\001"
    dst_address: "\005\006\007\000"
    src_port: 894
    dst_port: 222
    proto: 6
    tenant_id: 20
    flow_start_time: 1388563200000090
    key_type: IPV4
  }
  start_time: 1388563200000090
  ip_info {
    qos: 0
  }
  flow_features {
    packet_count: 2
  }
  end_time: 1388563200050080
}
flow_info {
  key {
    src_address: "\001\002\003\003"
    dst_address: "\005\006\007\002"
    src_port: 1006
    dst_port: 222
    proto: 6
    tenant_id: 20
    flow_start_time: 1388563200000110
    key_type: IPV4
  }
  start_time: 1388563200000110
  ip_info {
    qos: 0
  }
  flow_features {
    packet_count: 2
  }
  end_time: 1388563200050100
}
flow_info {
  key {
    src_address: "\001\002\003\002"
    dst_address: "\005\006\007\002"
    src_port: 1673
    dst_port: 222
    proto: 6
    tenant_id: 10
    flow_start_time: 1388563200000020
    key_type: IPV4
  }
  start_time: 1388563200100000
  ip_info {
    last_cached_ttl: 8
    qos: 0
  }
  tcp_info {
    sequence_num: 500
    null_flags: 1
    syn_fin_rst_ack_all_zero: 1
    option_len_bins {
    }
  }
  flow_features {
    packet_count: 3
  }
  end_time: 1388563200150110
}
flow_info {
  key {
    src_address: "\001\002\003\003"
    dst_address: "\005\006\007\000"
    src_port: 3418
    dst_port: 222
    proto: 6
    tenant_id: 20
    flow_start_time: 1388563200000030
    key_type: IPV4
  }
  start_time: 1388563200100010
  ip_info {
    qos: 0
  }
  flow_features {
    packet_count: 3
  }
  end_time: 1388563200150120
}
flow_info {
  key {
    src_address: "\001\002\003\000"
    dst_address: "\005\006\007\001"
    src_port: 323
    dst_port: 222
    proto: 6
    tenant_id: 10
    flow_start_time: 1388563200000040
    key_type: IPV4
  }
  start_time: 1388563200100020
  ip_info {
    last_cached_ttl: 8
    qos: 0
  }
  tcp_info {
    sequence_num: 400
    null_flags: 1
    syn_fin_rst_ack_all_zero: 1
    option_len_bins {
    }
  }
  flow_features {
    packet_count: 2
  }
  end_time: 1388563200150010
}
flow_info {
  key {
    src_address: "\001\002\003\001"
    dst_address: "\005\006\007\002"
    src_port: 3530
    dst_port: 222
    proto: 6
    tenant_id: 20
    flow_start_time: 1388563200000050
    key_type: IPV4
  }
  start_time: 1388563200100030
  ip_info {
    qos: 0
  }
  flow_features {
    packet_count: 2
  }
  end_time: 1388563200150020
}
flow_info {
  key {
    src_address: "\001\002\003\002"
    dst_address: "\005\006\007\000"
    src_port: 2109
    dst_port: 222
    proto: 6
    tenant_id: 10
    flow_start_time: 1388563200000060
    key_type: IPV4
  }
  start_time: 1388563200100040
  ip_info {
    last_cached_ttl: 8
    qos: 0
  }
  tcp_info {
    sequence_num: 420
    null_flags: 1
    syn_fin_rst_ack_all_zero: 1
    option_len_bins {
    }
  }
  flow_features {
    packet_count: 2
  }
  end_time: 1388563200150030
}
flow_info {
  key {
    src_address: "\001\002\003\003"
    dst_address: "\005\006\007\001"
    src_port: 2560
    dst_port: 222
    proto: 6
    tenant_id: 20
    flow_start_time: 1388563200000070
    key_type: IPV4
  }
  start_time: 1388563200100050
  ip_info {
    qos: 0
  }
  flow_features {
    packet_count: 2
  }
  end_time: 1388563200150040
}
flow_info {
  key {
    src_address: "\001\002\003\000"
    dst_address: "\005\006\007\002"
    src_port: 2221
    dst_port: 222
    proto: 6
    tenant_id: 10
    flow_start_time: 1388563200000080
    key_type: IPV4
  }
  start_time: 1388563200100060
  ip_info {
    last_cached_ttl: 8
    qos: 0
  }
  tcp_info {
    sequence_num: 440
    null_flags: 1
    syn_fin_rst_ack_all_zero: 1
    option_len_bins {
    }
  }
  flow_features {
    packet_count: 2
  }
  end_time: 1388563200150050
}
flow_info {
  key {
    src_address: "\001\002\003\001"
    dst_address: "\005\006\007\000"
    src_port: 894
    dst_port: 222
    proto: 6
    tenant_id: 20
    flow_start_time: 1388563200000090
    key_type: IPV4
  }
  start_time: 1388563200100070
  ip_info {
    qos: 0
  }
  flow_features {
    packet_count: 2
  }
  end_time: 1388563200150060
}
flow_info {
  key {
    src_address: "\001\002\003\002"
    dst_address: "\005\006\007\001"
    src_port: 3943
    dst_port: 222
    proto: 6
    tenant_id: 10
    flow_start_time: 1388563200100080
    key_type: IPV4
  }
  start_time: 1388563200100080
  ip_info {
    last_cached_ttl: 8
    qos: 0
  }
  tcp_info {
    sequence_num: 460
    null_flags: 1
    syn_fin_rst_ack_all_zero: 1
    option_len_bins {
    }
  }
  flow_features {
    packet_count: 2
  }
  end_time: 1388563200150070
}
flow_info {
  key {
    src_address: "\001\002\003\003"
    dst_address: "\005\006\007\002"
    src_port: 1006
    dst_port: 222
    proto: 6
    tenant_id: 20
    flow_start_time: 1388563200000110
    key_type: IPV4
  }
  start_time: 1388563200100090
  ip_info {
    qos: 0
  }
  flow_features {
    packet_count: 2
  }
  end_time: 1388563200150080
}
flow_info {
  key {
    src_address: "\001\002\003\001"
    dst_address: "\005\006\007\001"
    src_port: 1060
    dst_port: 222
    proto: 6
    tenant_id: 20
    flow_start_time: 1388563200000010
    key_type: IPV4
  }
  start_time: 1388563200100110
  ip_info {
    qos: 0
  }
  flow_features {
    packet_count: 2
  }
  end_time: 1388563200150100
}
flow_info {
  key {
    src_address: "\001\002\003\000"
    dst_address: "\005\006\007\001"
    src_port: 323
    dst_port: 222
    proto: 6
    tenant_id: 10
    flow_start_time: 1388563200000040
    key_type: IPV4
  }
  start_time: 1388563200200000
  ip_info {
    last_cached_ttl: 8
    qos: 0
  }
  tcp_info {
    sequence_num: 760
    null_flags: 1
    syn_fin_rst_ack_all_zero: 1
    option_len_bins {
    }
  }
  flow_features {
    packet_count: 3
  }
  end_time: 1388563200250110
}
flow_info {
  key {
    src_address: "\001\002\003\001"
    dst_address: "\005\006\007\002"
    src_port: 3530
    dst_port: 222
    proto: 6
    tenant_id: 20
    flow_start_time: 1388563200000050
    key_type: IPV4
  }
  start_time: 1388563200200010
  ip_info {
    qos: 0
  }
  flow_features {
    packet_count: 3
  }
  end_time: 1388563200250120
}
flow_info {
  key {
    src_address: "\001\002\003\002"
    dst_address: "\005\006\007\000"
    src_port: 2109
    dst_port: 222
    proto: 6
    tenant_id: 10
    flow_start_time: 1388563200000060
    key_type: IPV4
  }
  start_time: 1388563200200020
  ip_info {
    last_cached_ttl: 8
    qos: 0
  }
  tcp_info {
    sequence_num: 660
    null_flags: 1
    syn_fin_rst_ack_all_zero: 1
    option_len_bins {
    }
  }
  flow_features {
    packet_count: 2
  }
  end_time: 1388563200250010
}
flow_info {
  key {
    src_address: "\001\002\003\003"
    dst_address: "\005\006\007\001"
    src_port: 2560
    dst_port: 222
    proto: 6
    tenant_id: 20
    flow_start_time: 1388563200000070
    key_type: IPV4
  }
  start_time: 1388563200200030
  ip_info {
    qos: 0
  }
  flow_features {
    packet_count: 2
  }
  end_time: 1388563200250020
}
flow_info {
  key {
    src_address: "\001\002\003\000"
    dst_address: "\005\006\007\002"
    src_port: 2221
    dst_port: 222
    proto: 6
    tenant_id: 10
    flow_start_time: 1388563200000080
    key_type: IPV4
  }
  start_time: 1388563200200040
  ip_info {
    last_cached_ttl: 8
    qos: 0
  }
  tcp_info {
    sequence_num: 680
    null_flags: 1
    syn_fin_rst_ack_all_zero: 1
    option_len_bins {
    }
  }
  flow_features {
    packet_count: 2
  }
  end_time: 1388563200250030
}
flow_info {
  key {
    src_address: "\001\002\003\001"
    dst_address: "\005\006\007\000"
    src_port: 894
    dst_port: 222
    proto: 6
    tenant_id: 20
    flow_start_time: 1388563200000090
    key_type: IPV4
  }
  start_time: 1388563200200050
  ip_info {
    qos: 0
  }
  flow_features {
    packet_count: 2
  }
  end_time: 1388563200250040
}
flow_info {
  key {
    src_address: "\001\002\003\002"
    dst_address: "\005\006\007\001"
    src_port: 3943
    dst_port: 222
    proto: 6
    tenant_id: 10
    flow_start_time: 1388563200100080
    key_type: IPV4
  }
  start_time: 1388563200200060
  ip_info {
    last_cached_ttl: 8
    qos: 0
  }
  tcp_info {
    sequence_num: 700
    null_flags: 1
    syn_fin_rst_ack_all_zero: 1
    option_len_bins {
    }
  }
  flow_features {
    packet_count: 2
  }
  end_time: 1388563200250050
}
flow_info {
  key {
    src_address: "\001\002\003\003"
    dst_address: "\005\006\007\002"
    src_port: 1006
    dst_port: 222
    proto: 6
    tenant_id: 20
    flow_start_time: 1388563200000110
    key_type: IPV4
  }
  start_time: 1388563200200070
  ip_info {
    qos: 0
  }
  flow_features {
    packet_count: 2
  }
  end_time: 1388563200250060
}
flow_info {
  key {
    src_address: "\001\002\003\000"
    dst_address: "\005\006\007\000"
    src_port: 1561
    dst_port: 222
    proto: 6
    tenant_id: 10
    flow_start_time: 1388563200200080
    key_type: IPV4
  }
  start_time: 1388563200200080
  ip_info {
    last_cached_ttl: 8
    qos: 0
  }
  tcp_info {
    sequence_num: 720
    null_flags: 1
    syn_fin_rst_ack_all_zero: 1
    option_len_bins {
    }
  }
  flow_features {
    packet_count: 2
  }
  end_time: 1388563200250070
}
flow_info {
  key {
    src_address: "\001\002\003\001"
    dst_address: "\005\006\007\001"
    src_port: 1060
    dst_port: 222
    proto: 6
    tenant_id: 20
    flow_start_time: 1388563200200090
    key_type: IPV4
  }
  start_time: 1388563200200090
  ip_info {
    qos: 0
  }
  flow_features {
    packet_count: 2
  }
  end_time: 1388563200250080
}
flow_info {
  key {
    src_address: "\001\002\003\003"
    dst_address: "\005\006\007\000"
    src_port: 3418
    dst_port: 222
    proto: 6
    tenant_id: 20
    flow_start_time: 1388563200200110
    key_type: IPV4
  }
  start_time: 1388563200200110
  ip_info {
    qos: 0
  }
  flow_features {
    packet_count: 2
  }
  end_time: 1388563200250100
}
flow_info {
  key {
    src_address: "\001\002\003\002"
    dst_address: "\005\006\007\000"
    src_port: 2109
    dst_port: 222
    proto: 6
    tenant_id: 10
    flow_start_time: 1388563200000060
    key_type: IPV4
  }
  start_time: 1388563200300000
  ip_info {
    last_cached_ttl: 8
    qos: 0
  }
  tcp_info {
    sequence_num: 1020
    null_flags: 1
    syn_fin_rst_ack_all_zero: 1
    option_len_bins {
    }
  }
  flow_features {
    packet_count: 3
  }
  end_time: 1388563200350110
}
flow_info {
  key {
    src_address: "\001\002\003\003"
    dst_address: "\005\006\007\001"
    src_port: 2560
    dst_port: 222
    proto: 6
    tenant_id: 20
    flow_start_time: 1388563200000070
    key_type: IPV4
  }
  start_time: 1388563200300010
  ip_info {
    qos: 0
  }
  flow_features {
    packet_count: 3
  }
  end_time: 1388563200350120
}
flow_info {
  key {
    src_address: "\001\002\003\000"
    dst_address: "\005\006\007\002"
    src_port: 2221
    dst_port: 222
    proto: 6
    tenant_id: 10
    flow_start_time: 1388563200000080
    key_type: IPV4
  }
  start_time: 1388563200300020
  ip_info {
    last_cached_ttl: 8
    qos: 0
  }
  tcp_info {
    sequence_num: 920
    null_flags: 1
    syn_fin_rst_ack_all_zero: 1
    option_len_bins {
    }
  }
  flow_features {
    packet_count: 2
  }
  end_time: 1388563200350010
}
flow_info {
  key {
    src_address: "\001\002\003\001"
    dst_address: "\005\006\007\000"
    src_port: 894
    dst_port: 222
    proto: 6
    tenant_id: 20
    flow_start_time: 1388563200000090
    key_type: IPV4
  }
  start_time: 1388563200300030
  ip_info {
    qos: 0
  }
  flow_features {
    packet_count: 2
  }
  end_time: 1388563200350020
}
flow_info {
  key {
    src_address: "\001\002\003\002"
    dst_address: "\005\006\007\001"
    src_port: 3943
    dst_port: 222
    proto: 6
    tenant_id: 10
    flow_start_time: 1388563200100080
    key_type: IPV4
  }
  start_time: 1388563200300040
  ip_info {
    last_cached_ttl: 8
    qos: 0
  }
  tcp_info {
    sequence_num: 940
    null_flags: 1
    syn_fin_rst_ack_all_zero: 1
    option_len_bins {
    }
  }
  flow_features {
    packet_count: 2
  }
  end_time: 1388563200350030
}
flow_info {
  key {
    src_address: "\001\002\003\003"
    dst_address: "\005\006\007\002"
    src_port: 1006
    dst_port: 222
    proto: 6
    tenant_id: 20
    flow_start_time: 1388563200000110
    key_type: IPV4
  }
  start_time: 1388563200300050
  ip_info {
    qos: 0
  }
  flow_features {
    packet_count: 2
  }
  end_time: 1388563200350040
}
flow_info {
  key {
    src_address: "\001\002\003\000"
    dst_address: "\005\006\007\000"
    src_port: 1561
    dst_port: 222
    proto: 6
    tenant_id: 10
    flow_start_time: 1388563200200080
    key_type: IPV4
  }
  start_time: 1388563200300060
  ip_info {
    last_cached_ttl: 8
    qos: 0
  }
  tcp_info {
    sequence_num: 960
    null_flags: 1
    syn_fin_rst_ack_all_zero: 1
    option_len_bins {
    }
  }
  flow_features {
    packet_count: 2
  }
  end_time: 1388563200350050
}
flow_info {
  key {
    src_address: "\001\002\003\001"
    dst_address: "\005\006\007\001"
    src_port: 1060
    dst_port: 222
    proto: 6
    tenant_id: 20
    flow_start_time: 1388563200200090
    key_type: IPV4
  }
  start_time: 1388563200300070
  ip_info {
    qos: 0
  }
  flow_features {
    packet_count: 2
  }
  end_time: 1388563200350060
}
flow_info {
  key {
    src_address: "\001\002\003\002"
    dst_address: "\005\006\007\002"
    src_port: 1673
    dst_port: 222
    proto: 6
    tenant_id: 10
    flow_start_time: 1388563200300080
    key_type: IPV4
  }
  start_time: 1388563200300080
  ip_info {
    last_cached_ttl: 8
    qos: 0
  }
  tcp_info {
    sequence_num: 980
    null_flags: 1
    syn_fin_rst_ack_all_zero: 1
    option_len_bins {
    }
  }
  flow_features {
    packet_count: 2
  }
  end_time: 1388563200350070
}
flow_info {
  key {
    src_address: "\001\002\003\003"
    dst_address: "\005\006\007\000"
    src_port: 3418
    dst_port: 222
    proto: 6
    tenant_id: 20
    flow_start_time: 1388563200200110
    key_type: IPV4
  }
  start_time: 1388563200300090
  ip_info {
    qos: 0
  }
  flow_features {
    packet_count: 2
  }
  end_time: 1388563200350080
}
flow_info {
  key {
    src_address: "\001\002\003\001"
    dst_address: "\005\006\007\002"
    src_port: 3530
    dst_port: 222
    proto: 6
    tenant_id: 20
    flow_start_time: 1388563200000050
    key_type: IPV4
  }
  start_time: 1388563200300110
  ip_info {
    qos: 0
  }
  flow_features {
    packet_count: 2
  }
  end_time: 1388563200350100
}
flow_info {
  key {
    src_address: "\001\002\003\000"
    dst_address: "\005\006\007\002"
    src_port: 2221
    dst_port: 222
    proto: 6
    tenant_id: 10
    flow_start_time: 1388563200000080
    key_type: IPV4
  }
  start_time: 1388563200400000
  ip_info {
    last_cached_ttl: 8
    qos: 0
  }
  tcp_info {
    sequence_num: 1280
    null_flags: 1
    syn_fin_rst_ack_all_zero: 1
    option_len_bins {
    }
  }
  flow_features {
    packet_count: 3
  }
  end_time: 1388563200450110
}
flow_info {
  key {
    src_address: "\001\002\003\001"
    dst_address: "\005\006\007\000"
    src_port: 894
    dst_port: 222
    proto: 6
    tenant_id: 20
    flow_start_time: 1388563200000090
    key_type: IPV4
  }
  start_time: 1388563200400010
  ip_info {
    qos: 0
  }
  flow_features {
    packet_count: 3
  }
  end_time: 1388563200450120
}
flow_info {
  key {
    src_address: "\001\002\003\002"
    dst_address: "\005\006\007\001"
    src_port: 3943
    dst_port: 222
    proto: 6
    tenant_id: 10
    flow_start_time: 1388563200100080
    key_type: IPV4
  }
  start_time: 1388563200400020
  ip_info {
    last_cached_ttl: 8
    qos: 0
  }
  tcp_info {
    sequence_num: 1180
    null_flags: 1
    syn_fin_rst_ack_all_zero: 1
    option_len_bins {
    }
  }
  flow_features {
    packet_count: 2
  }
  end_time: 1388563200450010
}
flow_info {
  key {
    src_address: "\001\002\003\003"
    dst_address: "\005\006\007\002"
    src_port: 1006
    dst_port: 222
    proto: 6
    tenant_id: 20
    flow_start_time: 1388563200000110
    key_type: IPV4
  }
  start_time: 1388563200400030
  ip_info {
    qos: 0
  }
  flow_features {
    packet_count: 2
  }
  end_time: 1388563200450020
}
flow_info {
  key {
    src_address: "\001\002\003\000"
    dst_address: "\005\006\007\000"
    src_port: 1561
    dst_port: 222
    proto: 6
    tenant_id: 10
    flow_start_time: 1388563200200080
    key_type: IPV4
  }
  start_time: 1388563200400040
  ip_info {
    last_cached_ttl: 8
    qos: 0
  }
  tcp_info {
    sequence_num: 1200
    null_flags: 1
    syn_fin_rst_ack_all_zero: 1
    option_len_bins {
    }
  }
  flow_features {
    packet_count: 2
  }
  end_time: 1388563200450030
}
flow_info {
  key {
    src_address: "\001\002\003\001"
    dst_address: "\005\006\007\001"
    src_port: 1060
    dst_port: 222
    proto: 6
    tenant_id: 20
    flow_start_time: 1388563200200090
    key_type: IPV4
  }
  start_time: 1388563200400050
  ip_info {
    qos: 0
  }
  flow_features {
    packet_count: 2
  }
  end_time: 1388563200450040
}
flow_info {
  key {
    src_address: "\001\002\003\002"
    dst_address: "\005\006\007\002"
    src_port: 1673
    dst_port: 222
    proto: 6
    tenant_id: 10
    flow_start_time: 1388563200300080
    key_type: IPV4
  }
  start_time: 1388563200400060
  ip_info {
    last_cached_ttl: 8
    qos: 0
  }
  tcp_info {
    sequence_num: 1220
    null_flags: 1
    syn_fin_rst_ack_all_zero: 1
    option_len_bins {
    }
  }
  flow_features {
    packet_count: 2
  }
  end_time: 1388563200450050
}
flow_info {
  key {
    src_address: "\001\002\003\003"
    dst_address: "\005\006\007\000"
    src_port: 3418
    dst_port: 222
    proto: 6
    tenant_id: 20
    flow_start_time: 1388563200200110
    key_type: IPV4
  }
  start_time: 1388563200400070
  ip_info {
    qos: 0
  }
  flow_features {
    packet_count: 2
  }
  end_time: 1388563200450060
}
flow_info {
  key {
    src_address: "\001\002\003\000"
    dst_address: "\005\006\007\001"
    src_port: 323
    dst_port: 222
    proto: 6
    tenant_id: 10
    flow_start_time: 1388563200400080
    key_type: IPV4
  }
  start_time: 1388563200400080
  ip_info {
    last_cached_ttl: 8
    qos: 0
  }
  tcp_info {
    sequence_num: 1240
    null_flags: 1
    syn_fin_rst_ack_all_zero: 1
    option_len_bins {
    }
  }
  flow_features {
    packet_count: 2
  }
  end_time: 1388563200450070
}
flow_info {
  key {
    src_address: "\001\002\003\001"
    dst_address: "\005\006\007\002"
    src_port: 3530
    dst_port: 222
    proto: 6
    tenant_id: 20
    flow_start_time: 1388563200000050
    key_type: IPV4
  }
  start_time: 1388563200400090
  ip_info {
    qos: 0
  }
  flow_features {
    packet_count: 2
  }
  end_time: 1388563200450080
}
flow_info {
  key {
    src_address: "\001\002\003\003"
    dst_address: "\005\006\007\001"
    src_port: 2560
    dst_port: 222
    proto: 6
    tenant_id: 20
    flow_start_time: 1388563200000070
    key_type: IPV4
  }
  start_time: 1388563200400110
  ip_info {
    qos: 0
  }
  flow_features {
    packet_count: 2
  }
  end_time: 1388563200450100
}
flow_info {
  key {
    src_address: "\001\002\003\002"
    dst_address: "\005\006\007\001"
    src_port: 3943
    dst_port: 222
    proto: 6
    tenant_id: 10
    flow_start_time: 1388563200100080
    key_type: IPV4
  }
  start_time: 1388563200500000
  ip_info {
    last_cached_ttl: 8
    qos: 0
  }
  tcp_info {
    sequence_num: 1540
    null_flags: 1
    syn_fin_rst_ack_all_zero: 1
    option_len_bins {
    }
  }
  flow_features {
    packet_count: 3
  }
  end_time: 1388563200550110
}
flow_info {
  key {
    src_address: "\001\002\003\003"
    dst_address: "\005\006\007\002"
    src_port: 1006
    dst_port: 222
    proto: 6
    tenant_id: 20
    flow_start_time: 1388563200000110
    key_type: IPV4
  }
  start_time: 1388563200500010
  ip_info {
    qos: 0
  }
  flow_features {
    packet_count: 3
  }
  end_time: 1388563200550120
}
flow_info {
  key {
    src_address: "\001\002\003\000"
    dst_address: "\005\006\007\000"
    src_port: 1561
    dst_port: 222
    proto: 6
    tenant_id: 10
    flow_start_time: 1388563200200080
    key_type: IPV4
  }
  start_time: 1388563200500020
  ip_info {
    last_cached_ttl: 8
    qos: 0
  }
  tcp_info {
    sequence_num: 1440
    null_flags: 1
    syn_fin_rst_ack_all_zero: 1
    option_len_bins {
    }
  }
  flow_features {
    packet_count: 2
  }
  end_time: 1388563200550010
}
flow_info {
  key {
    src_address: "\001\002\003\001"
    dst_address: "\005\006\007\001"
    src_port: 1060
    dst_port: 222
    proto: 6
    tenant_id: 20
    flow_start_time: 1388563200200090
    key_type: IPV4
  }
  start_time: 1388563200500030
  ip_info {
    qos: 0
  }
  flow_features {
    packet_count: 2
  }
  end_time: 1388563200550020
}
flow_info {
  key {
    src_address: "\001\002\003\002"
    dst_address: "\005\006\007\002"
    src_port: 1673
    dst_port: 222
    proto: 6
    tenant_id: 10
    flow_start_time: 1388563200300080
    key_type: IPV4
  }
  start_time: 1388563200500040
  ip_info {
    last_cached_ttl: 8
    qos: 0
  }
  tcp_info {
    sequence_num: 1460
    null_flags: 1
    syn_fin_rst_ack_all_zero: 1
    option_len_bins {
    }
  }
  flow_features {
    packet_count: 2
  }
  end_time: 1388563200550030
}
flow_info {
  key {
    src_address: "\001\002\003\003"
    dst_address: "\005\006\007\000"
    src_port: 3418
    dst_port: 222
    proto: 6
    tenant_id: 20
    flow_start_time: 1388563200200110
    key_type: IPV4
  }
  start_time: 1388563200500050
  ip_info {
    qos: 0
  }
  flow_features {
    packet_count: 2
  }
  end_time: 1388563200550040
}
flow_info {
  key {
    src_address: "\001\002\003\000"
    dst_address: "\005\006\007\001"
    src_port: 323
    dst_port: 222
    proto: 6
    tenant_id: 10
    flow_start_time: 1388563200400080
    key_type: IPV4
  }
  start_time: 1388563200500060
  ip_info {
    last_cached_ttl: 8
    qos: 0
  }
  tcp_info {
    sequence_num: 1480
    null_flags: 1
    syn_fin_rst_ack_all_zero: 1
    option_len_bins {
    }
  }
  flow_features {
    packet_count: 2
  }
  end_time: 1388563200550050
}
flow_info {
  key {
    src_address: "\001\002\003\001"
    dst_address: "\005\006\007\002"
    src_port: 3530
    dst_port: 222
    proto: 6
    tenant_id: 20
    flow_start_time: 1388563200000050
    key_type: IPV4
  }
  start_time: 1388563200500070
  ip_info {
    qos: 0
  }
  flow_features {
    packet_count: 2
  }
  end_time: 1388563200550060
}
flow_info {
  key {
    src_address: "\001\002\003\002"
    dst_address: "\005\006\007\000"
    src_port: 2109
    dst_port: 222
    proto: 6
    tenant_id: 10
    flow_start_time: 1388563200500080
    key_type: IPV4
  }
  start_time: 1388563200500080
  ip_info {
    last_cached_ttl: 8
    qos: 0
  }
  tcp_info {
    sequence_num: 1500
    null_flags: 1
    syn_fin_rst_ack_all_zero: 1
    option_len_bins {
    }
  }
  flow_features {
    packet_count: 2
  }
  end_time: 1388563200550070
}
flow_info {
  key {
    src_address: "\001\002\003\003"
    dst_address: "\005\006\007\001"
    src_port: 2560
    dst_port: 222
    proto: 6
    tenant_id: 20
    flow_start_time: 1388563200000070
    key_type: IPV4
  }
  start_time: 1388563200500090
  ip_info {
    qos: 0
  }
  flow_features {
    packet_count: 2
  }
  end_time: 1388563200550080
}
flow_info {
  key {
    src_address: "\001\002\003\001"
    dst_address: "\005\006\007\000"
    src_port: 894
    dst_port: 222
    proto: 6
    tenant_id: 20
    flow_start_time: 1388563200000090
    key_type: IPV4
  }
  start_time: 1388563200500110
  ip_info {
    qos: 0
  }
  flow_features {
    packet_count: 2
  }
  end_time: 1388563200550100
}
