flow_info {
  key {
    src_address: "\001\002\003\000\000\000\000\000\000\000\000\000\000\000\000\000"
    dst_address: "\003\\\000\000\000\000\000\000\000\000\000\000\000\000\000\000"
    src_port: 3657
    dst_port: 222
    proto: 6
    tenant_id: 10
    flow_start_time: 1388563200000000
    key_type: IPV6
  }
  start_time: 1388563200000000
  ip_info {
    qos: 0
  }
  flow_features {
    packet_count: 2
  }
  end_time: 1388563200050000
}
flow_info {
  key {
    src_address: "\001\002\003\001\000\000\000\000\000\000\000\000\000\000\000\000"
    dst_address: "\t@\000\000\000\000\000\000\000\000\000\000\000\000\000\000"
    src_port: 3657
    dst_port: 222
    proto: 6
    tenant_id: 10
    flow_start_time: 1388563200000010
    key_type: IPV6
  }
  start_time: 1388563200000010
  ip_info {
    qos: 0
  }
  flow_features {
    packet_count: 2
  }
  end_time: 1388563200050010
}
flow_info {
  key {
    src_address: "\001\002\003\000\000\000\000\000\000\000\000\000\000\000\000\000"
    dst_address: "\025\337\000\000\000\000\000\000\000\000\000\000\000\000\000\000"
    src_port: 3657
    dst_port: 222
    proto: 6
    tenant_id: 10
    flow_start_time: 1388563200000020
    key_type: IPV6
  }
  start_time: 1388563200000020
  ip_info {
    qos: 0
  }
  flow_features {
    packet_count: 2
  }
  end_time: 1388563200050020
}
flow_info {
  key {
    src_address: "\001\002\003\001\000\000\000\000\000\000\000\000\000\000\000\000"
    dst_address: "\037\303\000\000\000\000\000\000\000\000\000\000\000\000\000\000"
    src_port: 3657
    dst_port: 222
    proto: 6
    tenant_id: 10
    flow_start_time: 1388563200000030
    key_type: IPV6
  }
  start_time: 1388563200000030
  ip_info {
    qos: 0
  }
  flow_features {
    packet_count: 2
  }
  end_time: 1388563200050030
}
flow_info {
  key {
    src_address: "\001\002\003\000\000\000\000\000\000\000\000\000\000\000\000\000"
    dst_address: "\003\\\000\000\000\000\000\000\000\000\000\000\000\000\000\000"
    src_port: 3657
    dst_port: 222
    proto: 6
    tenant_id: 10
    flow_start_time: 1388563200000000
    key_type: IPV6
  }
  start_time: 1388563200100000
  ip_info {
    qos: 0
  }
  flow_features {
    packet_count: 2
  }
  end_time: 1388563200150000
}
flow_info {
  key {
    src_address: "\001\002\003\001\000\000\000\000\000\000\000\000\000\000\000\000"
    dst_address: "\t@\000\000\000\000\000\000\000\000\000\000\000\000\000\000"
    src_port: 3657
    dst_port: 222
    proto: 6
    tenant_id: 10
    flow_start_time: 1388563200000010
    key_type: IPV6
  }
  start_time: 1388563200100010
  ip_info {
    qos: 0
  }
  flow_features {
    packet_count: 2
  }
  end_time: 1388563200150010
}
flow_info {
  key {
    src_address: "\001\002\003\000\000\000\000\000\000\000\000\000\000\000\000\000"
    dst_address: "\025\337\000\000\000\000\000\000\000\000\000\000\000\000\000\000"
    src_port: 3657
    dst_port: 222
    proto: 6
    tenant_id: 10
    flow_start_time: 1388563200000020
    key_type: IPV6
  }
  start_time: 1388563200100020
  ip_info {
    qos: 0
  }
  flow_features {
    packet_count: 2
  }
  end_time: 1388563200150020
}
flow_info {
  key {
    src_address: "\001\002\003\001\000\000\000\000\000\000\000\000\000\000\000\000"
    dst_address: "\037\303\000\000\000\000\000\000\000\000\000\000\000\000\000\000"
    src_port: 3657
    dst_port: 222
    proto: 6
    tenant_id: 10
    flow_start_time: 1388563200000030
    key_type: IPV6
  }
  start_time: 1388563200100030
  ip_info {
    qos: 0
  }
  flow_features {
    packet_count: 2
  }
  end_time: 1388563200150030
}
